Archive member included to satisfy reference by file (symbol)

/opt/st/stm32cubeide_2.0.0/plugins/com.st.stm32cube.ide.mcu.externaltools.gnu-tools-for-stm32.13.3.rel1.linux64_1.0.100.202509120712/tools/bin/../lib/gcc/arm-none-eabi/13.3.1/../../../../arm-none-eabi/lib/thumb/v7e-m+fp/hard/libstdc++_nano.a(del_ops.o)
                              ./Core/Src/application.o (operator delete(void*, unsigned int))
/opt/st/stm32cubeide_2.0.0/plugins/com.st.stm32cube.ide.mcu.externaltools.gnu-tools-for-stm32.13.3.rel1.linux64_1.0.100.202509120712/tools/bin/../lib/gcc/arm-none-eabi/13.3.1/../../../../arm-none-eabi/lib/thumb/v7e-m+fp/hard/libstdc++_nano.a(guard.o)
                              ./Core/Src/application.o (__cxa_guard_acquire)
/opt/st/stm32cubeide_2.0.0/plugins/com.st.stm32cube.ide.mcu.externaltools.gnu-tools-for-stm32.13.3.rel1.linux64_1.0.100.202509120712/tools/bin/../lib/gcc/arm-none-eabi/13.3.1/../../../../arm-none-eabi/lib/thumb/v7e-m+fp/hard/libm.a(libm_a-wf_sqrt.o)
                              ./Core/Src/application.o (sqrtf)
/opt/st/stm32cubeide_2.0.0/plugins/com.st.stm32cube.ide.mcu.externaltools.gnu-tools-for-stm32.13.3.rel1.linux64_1.0.100.202509120712/tools/bin/../lib/gcc/arm-none-eabi/13.3.1/../../../../arm-none-eabi/lib/thumb/v7e-m+fp/hard/libm.a(libm_a-ef_sqrt.o)
                              /opt/st/stm32cubeide_2.0.0/plugins/com.st.stm32cube.ide.mcu.externaltools.gnu-tools-for-stm32.13.3.rel1.linux64_1.0.100.202509120712/tools/bin/../lib/gcc/arm-none-eabi/13.3.1/../../../../arm-none-eabi/lib/thumb/v7e-m+fp/hard/libm.a(libm_a-wf_sqrt.o) (__ieee754_sqrtf)
/opt/st/stm32cubeide_2.0.0/plugins/com.st.stm32cube.ide.mcu.externaltools.gnu-tools-for-stm32.13.3.rel1.linux64_1.0.100.202509120712/tools/bin/../lib/gcc/arm-none-eabi/13.3.1/../../../../arm-none-eabi/lib/thumb/v7e-m+fp/hard/libc_nano.a(libc_a-atexit.o)
                              ./Core/Src/application.o (atexit)
/opt/st/stm32cubeide_2.0.0/plugins/com.st.stm32cube.ide.mcu.externaltools.gnu-tools-for-stm32.13.3.rel1.linux64_1.0.100.202509120712/tools/bin/../lib/gcc/arm-none-eabi/13.3.1/../../../../arm-none-eabi/lib/thumb/v7e-m+fp/hard/libc_nano.a(libc_a-exit.o)
                              /opt/st/stm32cubeide_2.0.0/plugins/com.st.stm32cube.ide.mcu.externaltools.gnu-tools-for-stm32.13.3.rel1.linux64_1.0.100.202509120712/tools/bin/../lib/gcc/arm-none-eabi/13.3.1/../../../../arm-none-eabi/lib/thumb/v7e-m+fp/hard/crt0.o (exit)
/opt/st/stm32cubeide_2.0.0/plugins/com.st.stm32cube.ide.mcu.externaltools.gnu-tools-for-stm32.13.3.rel1.linux64_1.0.100.202509120712/tools/bin/../lib/gcc/arm-none-eabi/13.3.1/../../../../arm-none-eabi/lib/thumb/v7e-m+fp/hard/libc_nano.a(libc_a-nano-vfprintf_float.o)
                              (_printf_float)
/opt/st/stm32cubeide_2.0.0/plugins/com.st.stm32cube.ide.mcu.externaltools.gnu-tools-for-stm32.13.3.rel1.linux64_1.0.100.202509120712/tools/bin/../lib/gcc/arm-none-eabi/13.3.1/../../../../arm-none-eabi/lib/thumb/v7e-m+fp/hard/libc_nano.a(libc_a-nano-vfprintf_i.o)
                              /opt/st/stm32cubeide_2.0.0/plugins/com.st.stm32cube.ide.mcu.externaltools.gnu-tools-for-stm32.13.3.rel1.linux64_1.0.100.202509120712/tools/bin/../lib/gcc/arm-none-eabi/13.3.1/../../../../arm-none-eabi/lib/thumb/v7e-m+fp/hard/libc_nano.a(libc_a-nano-vfprintf_float.o) (_printf_common)
/opt/st/stm32cubeide_2.0.0/plugins/com.st.stm32cube.ide.mcu.externaltools.gnu-tools-for-stm32.13.3.rel1.linux64_1.0.100.202509120712/tools/bin/../lib/gcc/arm-none-eabi/13.3.1/../../../../arm-none-eabi/lib/thumb/v7e-m+fp/hard/libc_nano.a(libc_a-findfp.o)
                              /opt/st/stm32cubeide_2.0.0/plugins/com.st.stm32cube.ide.mcu.externaltools.gnu-tools-for-stm32.13.3.rel1.linux64_1.0.100.202509120712/tools/bin/../lib/gcc/arm-none-eabi/13.3.1/../../../../arm-none-eabi/lib/thumb/v7e-m+fp/hard/libc_nano.a(libc_a-exit.o) (__stdio_exit_handler)
/opt/st/stm32cubeide_2.0.0/plugins/com.st.stm32cube.ide.mcu.externaltools.gnu-tools-for-stm32.13.3.rel1.linux64_1.0.100.202509120712/tools/bin/../lib/gcc/arm-none-eabi/13.3.1/../../../../arm-none-eabi/lib/thumb/v7e-m+fp/hard/libc_nano.a(libc_a-fwalk.o)
                              /opt/st/stm32cubeide_2.0.0/plugins/com.st.stm32cube.ide.mcu.externaltools.gnu-tools-for-stm32.13.3.rel1.linux64_1.0.100.202509120712/tools/bin/../lib/gcc/arm-none-eabi/13.3.1/../../../../arm-none-eabi/lib/thumb/v7e-m+fp/hard/libc_nano.a(libc_a-findfp.o) (_fwalk_sglue)
/opt/st/stm32cubeide_2.0.0/plugins/com.st.stm32cube.ide.mcu.externaltools.gnu-tools-for-stm32.13.3.rel1.linux64_1.0.100.202509120712/tools/bin/../lib/gcc/arm-none-eabi/13.3.1/../../../../arm-none-eabi/lib/thumb/v7e-m+fp/hard/libc_nano.a(libc_a-printf.o)
                              ./Core/Src/l3g4200d.o (printf)
[...]
Memory Configuration

Name             Origin             Length             Attributes
RAM              0x20000000         0x00018000         xrw
FLASH            0x08000000         0x00080000         xr
*default*        0x00000000         0xffffffff

Linker script and memory map

LOAD /opt/st/stm32cubeide_2.0.0/plugins/com.st.stm32cube.ide.mcu.externaltools.gnu-tools-for-stm32.13.3.rel1.linux64_1.0.100.202509120712/tools/bin/../lib/gcc/arm-none-eabi/13.3.1/thumb/v7e-m+fp/hard/crti.o
LOAD /opt/st/stm32cubeide_2.0.0/plugins/com.st.stm32cube.ide.mcu.externaltools.gnu-tools-for-stm32.13.3.rel1.linux64_1.0.100.202509120712/tools/bin/../lib/gcc/arm-none-eabi/13.3.1/thumb/v7e-m+fp/hard/crtbegin.o
LOAD /opt/st/stm32cubeide_2.0.0/plugins/com.st.stm32cube.ide.mcu.externaltools.gnu-tools-for-stm32.13.3.rel1.linux64_1.0.100.202509120712/tools/bin/../lib/gcc/arm-none-eabi/13.3.1/../../../../arm-none-eabi/lib/thumb/v7e-m+fp/hard/crt0.o
LOAD ./Core/Src/application.o
LOAD ./Core/Src/freertos.o
LOAD ./Core/Src/l3g4200d.o
LOAD ./Core/Src/main.o
LOAD ./Core/Src/stm32f4xx_hal_msp.o
LOAD ./Core/Src/stm32f4xx_hal_timebase_tim.o
LOAD ./Core/Src/stm32f4xx_it.o
LOAD ./Core/Src/syscalls.o
LOAD ./Core/Src/sysmem.o
LOAD ./Core/Src/system_stm32f4xx.o
LOAD ./Core/Startup/startup_stm32f401retx.o
LOAD ./Drivers/STM32F4xx_HAL_Driver/Src/stm32f4xx_hal.o
LOAD ./Drivers/STM32F4xx_HAL_Driver/Src/stm32f4xx_hal_cortex.o
LOAD ./Drivers/STM32F4xx_HAL_Driver/Src/stm32f4xx_hal_dma.o
LOAD ./Drivers/STM32F4xx_HAL_Driver/Src/stm32f4xx_hal_dma_ex.o
LOAD ./Drivers/STM32F4xx_HAL_Driver/Src/stm32f4xx_hal_exti.o
LOAD ./Drivers/STM32F4xx_HAL_Driver/Src/stm32f4xx_hal_flash.o
LOAD ./Drivers/STM32F4xx_HAL_Driver/Src/stm32f4xx_hal_flash_ex.o
LOAD ./Drivers/STM32F4xx_HAL_Driver/Src/stm32f4xx_hal_flash_ramfunc.o
LOAD ./Drivers/STM32F4xx_HAL_Driver/Src/stm32f4xx_hal_gpio.o
LOAD ./Drivers/STM32F4xx_HAL_Driver/Src/stm32f4xx_hal_pwr.o
LOAD ./Drivers/STM32F4xx_HAL_Driver/Src/stm32f4xx_hal_pwr_ex.o
LOAD ./Drivers/STM32F4xx_HAL_Driver/Src/stm32f4xx_hal_rcc.o
LOAD ./Drivers/STM32F4xx_HAL_Driver/Src/stm32f4xx_hal_rcc_ex.o
LOAD ./Drivers/STM32F4xx_HAL_Driver/Src/stm32f4xx_hal_spi.o
LOAD ./Drivers/STM32F4xx_HAL_Driver/Src/stm32f4xx_hal_tim.o
LOAD ./Drivers/STM32F4xx_HAL_Driver/Src/stm32f4xx_hal_tim_ex.o
LOAD ./Drivers/STM32F4xx_HAL_Driver/Src/stm32f4xx_hal_uart.o
LOAD ./Middlewares/Third_Party/FreeRTOS/Source/CMSIS_RTOS_V2/cmsis_os2.o
LOAD ./Middlewares/Third_Party/FreeRTOS/Source/croutine.o
LOAD ./Middlewares/Third_Party/FreeRTOS/Source/event_groups.o
LOAD ./Middlewares/Third_Party/FreeRTOS/Source/list.o
LOAD ./Middlewares/Third_Party/FreeRTOS/Source/queue.o
LOAD ./Middlewares/Third_Party/FreeRTOS/Source/stream_buffer.o
LOAD ./Middlewares/Third_Party/FreeRTOS/Source/tasks.o
LOAD ./Middlewares/Third_Party/FreeRTOS/Source/timers.o
LOAD ./Middlewares/Third_Party/FreeRTOS/Source/portable/GCC/ARM_CM4F/port.o
LOAD ./Middlewares/Third_Party/FreeRTOS/Source/portable/MemMang/heap_4.o
LOAD ./lib/CSP4CMSIS/src/alt_channel_sync.o
LOAD ./lib/CSP4CMSIS/src/alternative.o
LOAD ./lib/CSP4CMSIS/src/barrier.o
LOAD ./lib/CSP4CMSIS/src/buffered_channel.o
LOAD ./lib/CSP4CMSIS/src/channel_sync.o
LOAD ./lib/CSP4CMSIS/src/csp_wrapper.o
LOAD ./lib/CSP4CMSIS/src/glue.o
LOAD ./lib/CSP4CMSIS/src/kernel.o
LOAD ./lib/CSP4CMSIS/src/sync_channel.o
START GROUP
LOAD /opt/st/stm32cubeide_2.0.0/plugins/com.st.stm32cube.ide.mcu.externaltools.gnu-tools-for-stm32.13.3.rel1.linux64_1.0.100.202509120712/tools/bin/../lib/gcc/arm-none-eabi/13.3.1/../../../../arm-none-eabi/lib/thumb/v7e-m+fp/hard/libstdc++_nano.a
LOAD /opt/st/stm32cubeide_2.0.0/plugins/com.st.stm32cube.ide.mcu.externaltools.gnu-tools-for-stm32.13.3.rel1.linux64_1.0.100.202509120712/tools/bin/../lib/gcc/arm-none-eabi/13.3.1/../../../../arm-none-eabi/lib/thumb/v7e-m+fp/hard/libsupc++_nano.a
END GROUP
LOAD /opt/st/stm32cubeide_2.0.0/plugins/com.st.stm32cube.ide.mcu.externaltools.gnu-tools-for-stm32.13.3.rel1.linux64_1.0.100.202509120712/tools/bin/../lib/gcc/arm-none-eabi/13.3.1/../../../../arm-none-eabi/lib/thumb/v7e-m+fp/hard/libstdc++_nano.a
LOAD /opt/st/stm32cubeide_2.0.0/plugins/com.st.stm32cube.ide.mcu.externaltools.gnu-tools-for-stm32.13.3.rel1.linux64_1.0.100.202509120712/tools/bin/../lib/gcc/arm-none-eabi/13.3.1/../../../../arm-none-eabi/lib/thumb/v7e-m+fp/hard/libm.a
LOAD /opt/st/stm32cubeide_2.0.0/plugins/com.st.stm32cube.ide.mcu.externaltools.gnu-tools-for-stm32.13.3.rel1.linux64_1.0.100.202509120712/tools/bin/../lib/gcc/arm-none-eabi/13.3.1/../../../../arm-none-eabi/lib/thumb/v7e-m+fp/hard/libc_nano.a
START GROUP
LOAD /opt/st/stm32cubeide_2.0.0/plugins/com.st.stm32cube.ide.mcu.externaltools.gnu-tools-for-stm32.13.3.rel1.linux64_1.0.100.202509120712/tools/bin/../lib/gcc/arm-none-eabi/13.3.1/thumb/v7e-m+fp/hard/libgcc.a
LOAD /opt/st/stm32cubeide_2.0.0/plugins/com.st.stm32cube.ide.mcu.externaltools.gnu-tools-for-stm32.13.3.rel1.linux64_1.0.100.202509120712/tools/bin/../lib/gcc/arm-none-eabi/13.3.1/../../../../arm-none-eabi/lib/thumb/v7e-m+fp/hard/libc_nano.a
END GROUP
START GROUP
LOAD /opt/st/stm32cubeide_2.0.0/plugins/com.st.stm32cube.ide.mcu.externaltools.gnu-tools-for-stm32.13.3.rel1.linux64_1.0.100.202509120712/tools/bin/../lib/gcc/arm-none-eabi/13.3.1/thumb/v7e-m+fp/hard/libgcc.a
LOAD /opt/st/stm32cubeide_2.0.0/plugins/com.st.stm32cube.ide.mcu.externaltools.gnu-tools-for-stm32.13.3.rel1.linux64_1.0.100.202509120712/tools/bin/../lib/gcc/arm-none-eabi/13.3.1/../../../../arm-none-eabi/lib/thumb/v7e-m+fp/hard/libc_nano.a
END GROUP
LOAD /opt/st/stm32cubeide_2.0.0/plugins/com.st.stm32cube.ide.mcu.externaltools.gnu-tools-for-stm32.13.3.rel1.linux64_1.0.100.202509120712/tools/bin/../lib/gcc/arm-none-eabi/13.3.1/thumb/v7e-m+fp/hard/crtend.o
LOAD /opt/st/stm32cubeide_2.0.0/plugins/com.st.stm32cube.ide.mcu.externaltools.gnu-tools-for-stm32.13.3.rel1.linux64_1.0.100.202509120712/tools/bin/../lib/gcc/arm-none-eabi/13.3.1/thumb/v7e-m+fp/hard/crtn.o
                0x20018000                        _estack = (ORIGIN (RAM) + LENGTH (RAM))
                0x00000200                        _Min_Heap_Size = 0x200
                0x00000400                        _Min_Stack_Size = 0x400

.isr_vector     0x08000000      0x194
                0x08000000                        . = ALIGN (0x4)
 *(.isr_vector)
 .isr_vector    0x08000000      0x194 ./Core/Startup/startup_stm32f401retx.o
                0x08000000                g_pfnVectors
                0x08000194                        . = ALIGN (0x4)

.text           0x080001a0     0xcc08
                0x080001a0                        . = ALIGN (0x4)
 *(.text)
 .text          0x080001a0       0x40 /opt/st/stm32cubeide_2.0.0/plugins/com.st.stm32cube.ide.mcu.externaltools.gnu-tools-for-stm32.13.3.rel1.linux64_1.0.100.202509120712/tools/bin/../lib/gcc/arm-none-eabi/13.3.1/thumb/v7e-m+fp/hard/crtbegin.o
 .text          0x080001e0       0xa0 /opt/st/stm32cubeide_2.0.0/plugins/com.st.stm32cube.ide.mcu.externaltools.gnu-tools-for-stm32.13.3.rel1.linux64_1.0.100.202509120712/tools/bin/../lib/gcc/arm-none-eabi/13.3.1/../../../../arm-none-eabi/lib/thumb/v7e-m+fp/hard/libc_nano.a(libc_a-memchr.o)
                0x080001e0                memchr
 .text          0x08000280       0x10 /opt/st/stm32cubeide_2.0.0/plugins/com.st.stm32cube.ide.mcu.externaltools.gnu-tools-for-stm32.13.3.rel1.linux64_1.0.100.202509120712/tools/bin/../lib/gcc/arm-none-eabi/13.3.1/../../../../arm-none-eabi/lib/thumb/v7e-m+fp/hard/libc_nano.a(libc_a-strlen.o)
                0x08000280                strlen
 .text          0x08000290      0x378 /opt/st/stm32cubeide_2.0.0/plugins/com.st.stm32cube.ide.mcu.externaltools.gnu-tools-for-stm32.13.3.rel1.linux64_1.0.100.202509120712/tools/bin/../lib/gcc/arm-none-eabi/13.3.1/thumb/v7e-m+fp/hard/libgcc.a(_arm_addsubdf3.o)
                0x08000290                __aeabi_drsub
                0x08000298                __aeabi_dsub
                0x08000298                __subdf3
                0x0800029c                __adddf3
                0x0800029c                __aeabi_dadd
                0x08000514                __aeabi_ui2d
                0x08000514                __floatunsidf
                0x08000534                __floatsidf
                0x08000534                __aeabi_i2d
                0x08000558                __extendsfdf2
                0x08000558                __aeabi_f2d
                0x0800059c                __aeabi_ul2d
                0x0800059c                __floatundidf
                0x080005ac                __floatdidf
                0x080005ac                __aeabi_l2d
 .text          0x08000608      0x424 /opt/st/stm32cubeide_2.0.0/plugins/com.st.stm32cube.ide.mcu.externaltools.gnu-tools-for-stm32.13.3.rel1.linux64_1.0.100.202509120712/tools/bin/../lib/gcc/arm-none-eabi/13.3.1/thumb/v7e-m+fp/hard/libgcc.a(_arm_muldivdf3.o)
                0x08000608                __aeabi_dmul
                0x08000608                __muldf3
                0x0800085c                __aeabi_ddiv
                0x0800085c                __divdf3
 .text          0x08000a2c      0x110 /opt/st/stm32cubeide_2.0.0/plugins/com.st.stm32cube.ide.mcu.externaltools.gnu-tools-for-stm32.13.3.rel1.linux64_1.0.100.202509120712/tools/bin/../lib/gcc/arm-none-eabi/13.3.1/thumb/v7e-m+fp/hard/libgcc.a(_arm_cmpdf2.o)
                0x08000a2c                __gtdf2
                0x08000a2c                __gedf2
                0x08000a34                __ltdf2
                0x08000a34                __ledf2
                0x08000a3c                __cmpdf2
                0x08000a3c                __eqdf2
                0x08000a3c                __nedf2
                0x08000ab8                __aeabi_cdrcmple
                0x08000ac8                __aeabi_cdcmple
                0x08000ac8                __aeabi_cdcmpeq
                0x08000ad8                __aeabi_dcmpeq
                0x08000aec                __aeabi_dcmplt
                0x08000b00                __aeabi_dcmple
                0x08000b14                __aeabi_dcmpge
                0x08000b28                __aeabi_dcmpgt
 .text          0x08000b3c       0x2c /opt/st/stm32cubeide_2.0.0/plugins/com.st.stm32cube.ide.mcu.externaltools.gnu-tools-for-stm32.13.3.rel1.linux64_1.0.100.202509120712/tools/bin/../lib/gcc/arm-none-eabi/13.3.1/thumb/v7e-m+fp/hard/libgcc.a(_arm_unorddf2.o)
                0x08000b3c                __aeabi_dcmpun
                0x08000b3c                __unorddf2
 .text          0x08000b68       0x50 /opt/st/stm32cubeide_2.0.0/plugins/com.st.stm32cube.ide.mcu.externaltools.gnu-tools-for-stm32.13.3.rel1.linux64_1.0.100.202509120712/tools/bin/../lib/gcc/arm-none-eabi/13.3.1/thumb/v7e-m+fp/hard/libgcc.a(_arm_fixdfsi.o)
                0x08000b68                __fixdfsi
                0x08000b68                __aeabi_d2iz
 .text          0x08000bb8       0x30 /opt/st/stm32cubeide_2.0.0/plugins/com.st.stm32cube.ide.mcu.externaltools.gnu-tools-for-stm32.13.3.rel1.linux64_1.0.100.202509120712/tools/bin/../lib/gcc/arm-none-eabi/13.3.1/thumb/v7e-m+fp/hard/libgcc.a(_aeabi_uldivmod.o)
                0x08000bb8                __aeabi_uldivmod
 .text          0x08000be8      0x2f8 /opt/st/stm32cubeide_2.0.0/plugins/com.st.stm32cube.ide.mcu.externaltools.gnu-tools-for-stm32.13.3.rel1.linux64_1.0.100.202509120712/tools/bin/../lib/gcc/arm-none-eabi/13.3.1/thumb/v7e-m+fp/hard/libgcc.a(_udivmoddi4.o)
                0x08000be8                __udivmoddi4
 .text          0x08000ee0        0x4 /opt/st/stm32cubeide_2.0.0/plugins/com.st.stm32cube.ide.mcu.externaltools.gnu-tools-for-stm32.13.3.rel1.linux64_1.0.100.202509120712/tools/bin/../lib/gcc/arm-none-eabi/13.3.1/thumb/v7e-m+fp/hard/libgcc.a(_dvmd_tls.o)
                0x08000ee0                __aeabi_ldiv0
                0x08000ee0                __aeabi_idiv0
 *(.text*)
 .text._ZNK3csp9CSProcess4nameEv
                0x08000ee4       0x1c ./Core/Src/application.o
                0x08000ee4                csp::CSProcess::name() const
 .text._ZN3csp9CSProcess10endProcessEv
                0x08000f00       0x14 ./Core/Src/application.o
                0x08000f00                csp::CSProcess::endProcess()
 .text._ZN3csp8internal5GuardC2Ev
                0x08000f14       0x20 ./Core/Src/application.o
                0x08000f14                csp::internal::Guard::Guard()
                0x08000f14                csp::internal::Guard::Guard()
 .text._ZN3csp8internal5GuardD2Ev
                0x08000f34       0x20 ./Core/Src/application.o
                0x08000f34                csp::internal::Guard::~Guard()
                0x08000f34                csp::internal::Guard::~Guard()
 .text._ZN3csp8internal5GuardD0Ev
                0x08000f54       0x20 ./Core/Src/application.o
                0x08000f54                csp::internal::Guard::~Guard()
 .text._ZN3csp8internal15AltChanSyncBase14clearWaitingInEv
                0x08000f74       0x20 ./Core/Src/application.o
                0x08000f74                csp::internal::AltChanSyncBase::clearWaitingIn()
 .text._ZN3csp8internal15AltChanSyncBase8getMutexEv
                0x08000f94       0x18 ./Core/Src/application.o
                0x08000f94                csp::internal::AltChanSyncBase::getMutex()
 .text._ZNK3csp8internal15AltChanSyncBase16getWaitingInTaskEv
                0x08000fac       0x18 ./Core/Src/application.o
                0x08000fac                csp::internal::AltChanSyncBase::getWaitingInTask() const
 .text._ZNK3csp8internal15AltChanSyncBase17getWaitingOutTaskEv
                0x08000fc4       0x18 ./Core/Src/application.o
                0x08000fc4                csp::internal::AltChanSyncBase::getWaitingOutTask() const
 .text._ZNK3csp8internal15AltChanSyncBase18getNonAltInDataPtrEv
                0x08000fdc       0x18 ./Core/Src/application.o
                0x08000fdc                csp::internal::AltChanSyncBase::getNonAltInDataPtr() const
 .text._ZNK3csp8internal15AltChanSyncBase17getAltInSchedulerEv
                0x08000ff4       0x18 ./Core/Src/application.o
                0x08000ff4                csp::internal::AltChanSyncBase::getAltInScheduler() const
 .text._ZNK3csp8internal15AltChanSyncBase11getAltInBitEv
                0x0800100c       0x18 ./Core/Src/application.o
                0x0800100c                csp::internal::AltChanSyncBase::getAltInBit() const
 .text._ZNK3csp8internal15AltChanSyncBase18getAltOutSchedulerEv
                0x08001024       0x18 ./Core/Src/application.o
                0x08001024                csp::internal::AltChanSyncBase::getAltOutScheduler() const
 .text._ZNK3csp8internal15AltChanSyncBase12getAltOutBitEv
                0x0800103c       0x18 ./Core/Src/application.o
                0x0800103c                csp::internal::AltChanSyncBase::getAltOutBit() const
 .text._ZN3csp8internal11ChanInGuardC2EPNS0_15AltChanSyncBaseEPvj
                0x08001054       0x3c ./Core/Src/application.o
                0x08001054                csp::internal::ChanInGuard::ChanInGuard(csp::internal::AltChanSyncBase*, void*, unsigned int)
                0x08001054                csp::internal::ChanInGuard::ChanInGuard(csp::internal::AltChanSyncBase*, void*, unsigned int)
 .text._ZN3csp8internal11ChanInGuard12updateBufferEPv
                0x08001090       0x1c ./Core/Src/application.o
                0x08001090                csp::internal::ChanInGuard::updateBuffer(void*)
 .text._ZN3csp8internal12ChanOutGuardC2EPNS0_15AltChanSyncBaseEPKvj
                0x080010ac       0x3c ./Core/Src/application.o
                0x080010ac                csp::internal::ChanOutGuard::ChanOutGuard(csp::internal::AltChanSyncBase*, void const*, unsigned int)
                0x080010ac                csp::internal::ChanOutGuard::ChanOutGuard(csp::internal::AltChanSyncBase*, void const*, unsigned int)
 .text._ZN3csp8internal12ChanOutGuard12updateBufferEPKv
                0x080010e8       0x1c ./Core/Src/application.o
                0x080010e8                csp::internal::ChanOutGuard::updateBuffer(void const*)
 .text._ZN3csp8internal8BaseChanI9trigger_tED2Ev
                0x08001104       0x20 ./Core/Src/application.o
                0x08001104                csp::internal::BaseChan<trigger_t>::~BaseChan()
                0x08001104                csp::internal::BaseChan<trigger_t>::~BaseChan()
 .text._ZN3csp8internal8BaseChanI9trigger_tED0Ev
                0x08001124       0x20 ./Core/Src/application.o
                0x08001124                csp::internal::BaseChan<trigger_t>::~BaseChan()
 .text._ZN3csp8internal11BaseAltChanI9trigger_tED2Ev
                0x08001144       0x24 ./Core/Src/application.o
                0x08001144                csp::internal::BaseAltChan<trigger_t>::~BaseAltChan()
                0x08001144                csp::internal::BaseAltChan<trigger_t>::~BaseAltChan()
 .text._ZN3csp8internal11BaseAltChanI9trigger_tED0Ev
                0x08001168       0x20 ./Core/Src/application.o
                0x08001168                csp::internal::BaseAltChan<trigger_t>::~BaseAltChan()
 .text._ZN3csp8internal11ChanInGuardD2Ev
                0x08001188       0x24 ./Core/Src/application.o
                0x08001188                csp::internal::ChanInGuard::~ChanInGuard()
                0x08001188                csp::internal::ChanInGuard::~ChanInGuard()
 .text._ZN3csp8internal11ChanInGuardD0Ev
                0x080011ac       0x20 ./Core/Src/application.o
                0x080011ac                csp::internal::ChanInGuard::~ChanInGuard()
 .text._ZN3csp8internal12ChanOutGuardD2Ev
                0x080011cc       0x24 ./Core/Src/application.o
                0x080011cc                csp::internal::ChanOutGuard::~ChanOutGuard()
                0x080011cc                csp::internal::ChanOutGuard::~ChanOutGuard()
 .text._ZN3csp8internal12ChanOutGuardD0Ev
                0x080011f0       0x20 ./Core/Src/application.o
                0x080011f0                csp::internal::ChanOutGuard::~ChanOutGuard()
 .text._ZN3csp8internal17RendezvousChannelI9trigger_tED2Ev
                0x08001210       0x44 ./Core/Src/application.o
                0x08001210                csp::internal::RendezvousChannel<trigger_t>::~RendezvousChannel()
                0x08001210                csp::internal::RendezvousChannel<trigger_t>::~RendezvousChannel()
 .text._ZN3csp8internal17RendezvousChannelI9trigger_tED0Ev
                0x08001254       0x20 ./Core/Src/application.o
                0x08001254                csp::internal::RendezvousChannel<trigger_t>::~RendezvousChannel()
 .text._ZN3csp14One2OneChannelI9trigger_tEC2Ev
                0x08001274       0x1a ./Core/Src/application.o
                0x08001274                csp::One2OneChannel<trigger_t>::One2OneChannel()
                0x08001274                csp::One2OneChannel<trigger_t>::One2OneChannel()
 *fill*         0x0800128e        0x2 
 .text.HAL_GPIO_EXTI_Callback
                0x08001290       0x54 ./Core/Src/application.o
                0x08001290                HAL_GPIO_EXTI_Callback
 .text._ZN3csp9CSProcessC2Ev
                0x080012e4       0x20 ./Core/Src/application.o
                0x080012e4                csp::CSProcess::CSProcess()
                0x080012e4                csp::CSProcess::CSProcess()
 .text._ZN3csp9CSProcessD2Ev
                0x08001304       0x20 ./Core/Src/application.o
                0x08001304                csp::CSProcess::~CSProcess()
                0x08001304                csp::CSProcess::~CSProcess()
 .text._ZN3csp9CSProcessD0Ev
                0x08001324       0x20 ./Core/Src/application.o
                0x08001324                csp::CSProcess::~CSProcess()
 .text._ZN8L3g4200dC2EN3csp7ChanoutI7MessageEE
                0x08001344       0x2c ./Core/Src/application.o
                0x08001344                L3g4200d::L3g4200d(csp::Chanout<Message>)
                0x08001344                L3g4200d::L3g4200d(csp::Chanout<Message>)
 .text._ZN8L3g4200d3runEv
                0x08001370       0xe0 ./Core/Src/application.o
                0x08001370                L3g4200d::run()
 .text._ZN11ShakeDetectC2EN3csp6ChaninI7MessageEENS0_7ChanoutI6ResultEE
                0x08001450       0x34 ./Core/Src/application.o
                0x08001450                ShakeDetect::ShakeDetect(csp::Chanin<Message>, csp::Chanout<Result>)
                0x08001450                ShakeDetect::ShakeDetect(csp::Chanin<Message>, csp::Chanout<Result>)
 .text._ZN11ShakeDetect3runEv
                0x08001484      0x174 ./Core/Src/application.o
                0x08001484                ShakeDetect::run()
 .text._ZN2UIC2EN3csp6ChaninI6ResultEE
                0x080015f8       0x2c ./Core/Src/application.o
                0x080015f8                UI::UI(csp::Chanin<Result>)
                0x080015f8                UI::UI(csp::Chanin<Result>)
 .text._ZN2UI3runEv
                0x08001624       0x44 ./Core/Src/application.o
                0x08001624                UI::run()
 .text._ZN3csp8internal8BaseChanI7MessageED2Ev
                0x08001668       0x20 ./Core/Src/application.o
                0x08001668                csp::internal::BaseChan<Message>::~BaseChan()
                0x08001668                csp::internal::BaseChan<Message>::~BaseChan()
 .text._ZN3csp8internal8BaseChanI7MessageED0Ev
                0x08001688       0x20 ./Core/Src/application.o
                0x08001688                csp::internal::BaseChan<Message>::~BaseChan()
 .text._ZN3csp8internal11BaseAltChanI7MessageED2Ev
                0x080016a8       0x24 ./Core/Src/application.o
                0x080016a8                csp::internal::BaseAltChan<Message>::~BaseAltChan()
                0x080016a8                csp::internal::BaseAltChan<Message>::~BaseAltChan()
 .text._ZN3csp8internal11BaseAltChanI7MessageED0Ev
                0x080016cc       0x20 ./Core/Src/application.o
                0x080016cc                csp::internal::BaseAltChan<Message>::~BaseAltChan()
 .text._ZN3csp8internal17RendezvousChannelI7MessageED2Ev
                0x080016ec       0x44 ./Core/Src/application.o
                0x080016ec                csp::internal::RendezvousChannel<Message>::~RendezvousChannel()
                0x080016ec                csp::internal::RendezvousChannel<Message>::~RendezvousChannel()
 .text._ZN3csp8internal17RendezvousChannelI7MessageED0Ev
                0x08001730       0x20 ./Core/Src/application.o
                0x08001730                csp::internal::RendezvousChannel<Message>::~RendezvousChannel()
 .text._ZN3csp14One2OneChannelI7MessageEC2Ev
                0x08001750       0x1a ./Core/Src/application.o
                0x08001750                csp::One2OneChannel<Message>::One2OneChannel()
                0x08001750                csp::One2OneChannel<Message>::One2OneChannel()
 .text._ZN3csp14One2OneChannelI7MessageED2Ev
                0x0800176a       0x1a ./Core/Src/application.o
                0x0800176a                csp::One2OneChannel<Message>::~One2OneChannel()
                0x0800176a                csp::One2OneChannel<Message>::~One2OneChannel()
 .text.__tcf_0  0x08001784       0x10 ./Core/Src/application.o
 .text._ZN3csp8internal8BaseChanI6ResultED2Ev
                0x08001794       0x20 ./Core/Src/application.o
                0x08001794                csp::internal::BaseChan<Result>::~BaseChan()
                0x08001794                csp::internal::BaseChan<Result>::~BaseChan()
 .text._ZN3csp8internal8BaseChanI6ResultED0Ev
                0x080017b4       0x20 ./Core/Src/application.o
                0x080017b4                csp::internal::BaseChan<Result>::~BaseChan()
 .text._ZN3csp8internal11BaseAltChanI6ResultED2Ev
                0x080017d4       0x24 ./Core/Src/application.o
                0x080017d4                csp::internal::BaseAltChan<Result>::~BaseAltChan()
                0x080017d4                csp::internal::BaseAltChan<Result>::~BaseAltChan()
 .text._ZN3csp8internal11BaseAltChanI6ResultED0Ev
                0x080017f8       0x20 ./Core/Src/application.o
                0x080017f8                csp::internal::BaseAltChan<Result>::~BaseAltChan()
 .text._ZN3csp8internal17RendezvousChannelI6ResultED2Ev
                0x08001818       0x44 ./Core/Src/application.o
                0x08001818                csp::internal::RendezvousChannel<Result>::~RendezvousChannel()
                0x08001818                csp::internal::RendezvousChannel<Result>::~RendezvousChannel()
 .text._ZN3csp8internal17RendezvousChannelI6ResultED0Ev
                0x0800185c       0x20 ./Core/Src/application.o
                0x0800185c                csp::internal::RendezvousChannel<Result>::~RendezvousChannel()
 .text._ZN3csp14One2OneChannelI6ResultEC2Ev
                0x0800187c       0x1a ./Core/Src/application.o
                0x0800187c                csp::One2OneChannel<Result>::One2OneChannel()
                0x0800187c                csp::One2OneChannel<Result>::One2OneChannel()
 .text._ZN3csp14One2OneChannelI6ResultED2Ev
                0x08001896       0x1a ./Core/Src/application.o
                0x08001896                csp::One2OneChannel<Result>::~One2OneChannel()
                0x08001896                csp::One2OneChannel<Result>::~One2OneChannel()
 .text.__tcf_1  0x080018b0       0x10 ./Core/Src/application.o
 .text._ZN8L3g4200dD2Ev
                0x080018c0       0x24 ./Core/Src/application.o
                0x080018c0                L3g4200d::~L3g4200d()
                0x080018c0                L3g4200d::~L3g4200d()
 .text._ZN8L3g4200dD0Ev
                0x080018e4       0x20 ./Core/Src/application.o
                0x080018e4                L3g4200d::~L3g4200d()
 .text.__tcf_2  0x08001904       0x10 ./Core/Src/application.o
 .text._ZN11ShakeDetectD2Ev
                0x08001914       0x24 ./Core/Src/application.o
                0x08001914                ShakeDetect::~ShakeDetect()
                0x08001914                ShakeDetect::~ShakeDetect()
 .text._ZN11ShakeDetectD0Ev
                0x08001938       0x20 ./Core/Src/application.o
                0x08001938                ShakeDetect::~ShakeDetect()
 .text.__tcf_3  0x08001958       0x10 ./Core/Src/application.o
 .text._ZN2UID2Ev
                0x08001968       0x24 ./Core/Src/application.o
                0x08001968                UI::~UI()
                0x08001968                UI::~UI()
 .text._ZN2UID0Ev
                0x0800198c       0x20 ./Core/Src/application.o
                0x0800198c                UI::~UI()
 .text.__tcf_4  0x080019ac       0x10 ./Core/Src/application.o
 .text._Z12MainApp_TaskPv
                0x080019bc      0x1e8 ./Core/Src/application.o
                0x080019bc                MainApp_Task(void*)
 .text.csp_app_main_init
                0x08001ba4       0x40 ./Core/Src/application.o
                0x08001ba4                csp_app_main_init
 .text._ZN3csp8internal8BaseChanI9trigger_tEC2Ev
                0x08001be4       0x20 ./Core/Src/application.o
                0x08001be4                csp::internal::BaseChan<trigger_t>::BaseChan()
                0x08001be4                csp::internal::BaseChan<trigger_t>::BaseChan()
 .text._ZN3csp8internal11BaseAltChanI9trigger_tEC2Ev
                0x08001c04       0x24 ./Core/Src/application.o
                0x08001c04                csp::internal::BaseAltChan<trigger_t>::BaseAltChan()
                0x08001c04                csp::internal::BaseAltChan<trigger_t>::BaseAltChan()
 .text._ZN3csp8internal17RendezvousChannelI9trigger_tEC2Ev
                0x08001c28       0x54 ./Core/Src/application.o
                0x08001c28                csp::internal::RendezvousChannel<trigger_t>::RendezvousChannel()
                0x08001c28                csp::internal::RendezvousChannel<trigger_t>::RendezvousChannel()
 .text._ZN3csp14One2OneChannelI9trigger_tE6writerEv
                0x08001c7c       0x20 ./Core/Src/application.o
                0x08001c7c                csp::One2OneChannel<trigger_t>::writer()
 .text._ZN3csp7ChanoutI9trigger_tE10putFromISRERKS1_
                0x08001c9c       0x28 ./Core/Src/application.o
                0x08001c9c                csp::Chanout<trigger_t>::putFromISR(trigger_t const&)
 .text._ZN3csp14One2OneChannelI9trigger_tE6readerEv
                0x08001cc4       0x20 ./Core/Src/application.o
                0x08001cc4                csp::One2OneChannel<trigger_t>::reader()
 .text._ZN3csp6ChaninI9trigger_tErsERS1_
                0x08001ce4       0x28 ./Core/Src/application.o
                0x08001ce4                csp::Chanin<trigger_t>::operator>>(trigger_t&)
 .text._ZN3csp7ChanoutI7MessageElsERKS1_
                0x08001d0c       0x28 ./Core/Src/application.o
                0x08001d0c                csp::Chanout<Message>::operator<<(Message const&)
 .text._ZN3csp6ChaninI7MessageErsERS1_
                0x08001d34       0x28 ./Core/Src/application.o
                0x08001d34                csp::Chanin<Message>::operator>>(Message&)
 .text._ZN3csp7ChanoutI6ResultElsERKS1_
                0x08001d5c       0x28 ./Core/Src/application.o
                0x08001d5c                csp::Chanout<Result>::operator<<(Result const&)
 .text._ZN3csp6ChaninI6ResultErsERS1_
                0x08001d84       0x28 ./Core/Src/application.o
                0x08001d84                csp::Chanin<Result>::operator>>(Result&)
 .text._ZN3csp8internal8BaseChanI7MessageEC2Ev
                0x08001dac       0x20 ./Core/Src/application.o
                0x08001dac                csp::internal::BaseChan<Message>::BaseChan()
                0x08001dac                csp::internal::BaseChan<Message>::BaseChan()
 .text._ZN3csp8internal11BaseAltChanI7MessageEC2Ev
                0x08001dcc       0x24 ./Core/Src/application.o
                0x08001dcc                csp::internal::BaseAltChan<Message>::BaseAltChan()
                0x08001dcc                csp::internal::BaseAltChan<Message>::BaseAltChan()
 .text._ZN3csp8internal17RendezvousChannelI7MessageEC2Ev
                0x08001df0       0x54 ./Core/Src/application.o
                0x08001df0                csp::internal::RendezvousChannel<Message>::RendezvousChannel()
                0x08001df0                csp::internal::RendezvousChannel<Message>::RendezvousChannel()
 .text._ZN3csp8internal8BaseChanI6ResultEC2Ev
                0x08001e44       0x20 ./Core/Src/application.o
                0x08001e44                csp::internal::BaseChan<Result>::BaseChan()
                0x08001e44                csp::internal::BaseChan<Result>::BaseChan()
 .text._ZN3csp8internal11BaseAltChanI6ResultEC2Ev
                0x08001e64       0x24 ./Core/Src/application.o
                0x08001e64                csp::internal::BaseAltChan<Result>::BaseAltChan()
                0x08001e64                csp::internal::BaseAltChan<Result>::BaseAltChan()
 .text._ZN3csp8internal17RendezvousChannelI6ResultEC2Ev
                0x08001e88       0x54 ./Core/Src/application.o
                0x08001e88                csp::internal::RendezvousChannel<Result>::RendezvousChannel()
                0x08001e88                csp::internal::RendezvousChannel<Result>::RendezvousChannel()
 .text._ZN3csp14One2OneChannelI7MessageE6writerEv
                0x08001edc       0x20 ./Core/Src/application.o
                0x08001edc                csp::One2OneChannel<Message>::writer()
 .text._ZN3csp14One2OneChannelI7MessageE6readerEv
                0x08001efc       0x20 ./Core/Src/application.o
                0x08001efc                csp::One2OneChannel<Message>::reader()
 .text._ZN3csp14One2OneChannelI6ResultE6writerEv
                0x08001f1c       0x20 ./Core/Src/application.o
                0x08001f1c                csp::One2OneChannel<Result>::writer()
 .text._ZN3csp14One2OneChannelI6ResultE6readerEv
                0x08001f3c       0x20 ./Core/Src/application.o
                0x08001f3c                csp::One2OneChannel<Result>::reader()
 .text._ZN3csp10InParallelIJ8L3g4200d11ShakeDetect2UIEEENS_14ParallelHelperIJDpT_EEEDpRS5_
                0x08001f5c       0x22 ./Core/Src/application.o
                0x08001f5c                csp::ParallelHelper<L3g4200d, ShakeDetect, UI> csp::InParallel<L3g4200d, ShakeDetect, UI>(L3g4200d&, ShakeDetect&, UI&)
 .text._ZN3csp3RunIJ8L3g4200d11ShakeDetect2UIEEEvNS_14ParallelHelperIJDpT_EEENS_13ExecutionModeE
                0x08001f7e       0x2a ./Core/Src/application.o
                0x08001f7e                void csp::Run<L3g4200d, ShakeDetect, UI>(csp::ParallelHelper<L3g4200d, ShakeDetect, UI>, csp::ExecutionMode)
 .text._ZN3csp7ChanoutI9trigger_tEC2EPNS_8internal11BaseAltChanIS1_EE
                0x08001fa8       0x1e ./Core/Src/application.o
                0x08001fa8                csp::Chanout<trigger_t>::Chanout(csp::internal::BaseAltChan<trigger_t>*)
                0x08001fa8                csp::Chanout<trigger_t>::Chanout(csp::internal::BaseAltChan<trigger_t>*)
 .text._ZN3csp6ChaninI9trigger_tEC2EPNS_8internal11BaseAltChanIS1_EE
                0x08001fc6       0x1e ./Core/Src/application.o
                0x08001fc6                csp::Chanin<trigger_t>::Chanin(csp::internal::BaseAltChan<trigger_t>*)
                0x08001fc6                csp::Chanin<trigger_t>::Chanin(csp::internal::BaseAltChan<trigger_t>*)
 .text._ZN3csp7ChanoutI7MessageEC2EPNS_8internal11BaseAltChanIS1_EE
                0x08001fe4       0x1e ./Core/Src/application.o
                0x08001fe4                csp::Chanout<Message>::Chanout(csp::internal::BaseAltChan<Message>*)
                0x08001fe4                csp::Chanout<Message>::Chanout(csp::internal::BaseAltChan<Message>*)
 .text._ZN3csp6ChaninI7MessageEC2EPNS_8internal11BaseAltChanIS1_EE
                0x08002002       0x1e ./Core/Src/application.o
                0x08002002                csp::Chanin<Message>::Chanin(csp::internal::BaseAltChan<Message>*)
                0x08002002                csp::Chanin<Message>::Chanin(csp::internal::BaseAltChan<Message>*)
 .text._ZN3csp7ChanoutI6ResultEC2EPNS_8internal11BaseAltChanIS1_EE
                0x08002020       0x1e ./Core/Src/application.o
                0x08002020                csp::Chanout<Result>::Chanout(csp::internal::BaseAltChan<Result>*)
                0x08002020                csp::Chanout<Result>::Chanout(csp::internal::BaseAltChan<Result>*)
 .text._ZN3csp6ChaninI6ResultEC2EPNS_8internal11BaseAltChanIS1_EE
                0x0800203e       0x1e ./Core/Src/application.o
                0x0800203e                csp::Chanin<Result>::Chanin(csp::internal::BaseAltChan<Result>*)
                0x0800203e                csp::Chanin<Result>::Chanin(csp::internal::BaseAltChan<Result>*)
 .text._ZN3csp14ParallelHelperIJ8L3g4200d11ShakeDetect2UIEEC2ERS1_RS2_RS3_
                0x0800205c       0x24 ./Core/Src/application.o
                0x0800205c                csp::ParallelHelper<L3g4200d, ShakeDetect, UI>::ParallelHelper(L3g4200d&, ShakeDetect&, UI&)
                0x0800205c                csp::ParallelHelper<L3g4200d, ShakeDetect, UI>::ParallelHelper(L3g4200d&, ShakeDetect&, UI&)
 .text._ZN3csp14ParallelHelperIJ8L3g4200d11ShakeDetect2UIEE14execute_staticEm
                0x08002080       0x34 ./Core/Src/application.o
                0x08002080                csp::ParallelHelper<L3g4200d, ShakeDetect, UI>::execute_static(unsigned long)
 .text._ZN3csp14ParallelHelperIJ8L3g4200d11ShakeDetect2UIEE19execute_terminatingEm
                0x080020b4       0x6a ./Core/Src/application.o
                0x080020b4                csp::ParallelHelper<L3g4200d, ShakeDetect, UI>::execute_terminating(unsigned long)
 .text._ZNSt5tupleIJR8L3g4200dR11ShakeDetectR2UIEEC2ILb1ELb1EEES1_S3_S5_
                0x0800211e       0x24 ./Core/Src/application.o
                0x0800211e                std::tuple<L3g4200d&, ShakeDetect&, UI&>::tuple<true, true>(L3g4200d&, ShakeDetect&, UI&)
                0x0800211e                std::tuple<L3g4200d&, ShakeDetect&, UI&>::tuple<true, true>(L3g4200d&, ShakeDetect&, UI&)
 .text._ZN3csp14ParallelHelperIJ8L3g4200d11ShakeDetect2UIEE12spawn_othersILj1EEEvP15QueueDefinitionm
                0x08002142       0x28 ./Core/Src/application.o
                0x08002142                void csp::ParallelHelper<L3g4200d, ShakeDetect, UI>::spawn_others<1u>(QueueDefinition*, unsigned long)
 .text._ZSt3getILj0EJR8L3g4200dR11ShakeDetectR2UIEERNSt13tuple_elementIXT_ESt5tupleIJDpT0_EEE4typeERSA_
                0x0800216a       0x1a ./Core/Src/application.o
                0x0800216a                std::tuple_element<0u, std::tuple<L3g4200d&, ShakeDetect&, UI&> >::type& std::get<0u, L3g4200d&, ShakeDetect&, UI&>(std::tuple<L3g4200d&, ShakeDetect&, UI&>&)
 .text._ZNSt11_Tuple_implILj0EJR8L3g4200dR11ShakeDetectR2UIEEC2ES1_S3_S5_
                0x08002184       0x30 ./Core/Src/application.o
                0x08002184                std::_Tuple_impl<0u, L3g4200d&, ShakeDetect&, UI&>::_Tuple_impl(L3g4200d&, ShakeDetect&, UI&)
                0x08002184                std::_Tuple_impl<0u, L3g4200d&, ShakeDetect&, UI&>::_Tuple_impl(L3g4200d&, ShakeDetect&, UI&)
 .text._ZN3csp14ParallelHelperIJ8L3g4200d11ShakeDetect2UIEE10spawn_taskILj1EEEvP15QueueDefinitionm
                0x080021b4       0x60 ./Core/Src/application.o
                0x080021b4                void csp::ParallelHelper<L3g4200d, ShakeDetect, UI>::spawn_task<1u>(QueueDefinition*, unsigned long)
 .text._ZN3csp14ParallelHelperIJ8L3g4200d11ShakeDetect2UIEE12spawn_othersILj2EEEvP15QueueDefinitionm
                0x08002214       0x28 ./Core/Src/application.o
                0x08002214                void csp::ParallelHelper<L3g4200d, ShakeDetect, UI>::spawn_others<2u>(QueueDefinition*, unsigned long)
 .text._ZSt12__get_helperILj0ER8L3g4200dJR11ShakeDetectR2UIEERT0_RSt11_Tuple_implIXT_EJS6_DpT1_EE
                0x0800223c       0x18 ./Core/Src/application.o
                0x0800223c                L3g4200d& std::__get_helper<0u, L3g4200d&, ShakeDetect&, UI&>(std::_Tuple_impl<0u, L3g4200d&, ShakeDetect&, UI&>&)
 .text._ZNSt11_Tuple_implILj1EJR11ShakeDetectR2UIEEC2ES1_S3_
                0x08002254       0x2c ./Core/Src/application.o
                0x08002254                std::_Tuple_impl<1u, ShakeDetect&, UI&>::_Tuple_impl(ShakeDetect&, UI&)
                0x08002254                std::_Tuple_impl<1u, ShakeDetect&, UI&>::_Tuple_impl(ShakeDetect&, UI&)
 .text._ZNSt10_Head_baseILj0ER8L3g4200dLb0EEC2ES1_
                0x08002280       0x1e ./Core/Src/application.o
                0x08002280                std::_Head_base<0u, L3g4200d&, false>::_Head_base(L3g4200d&)
                0x08002280                std::_Head_base<0u, L3g4200d&, false>::_Head_base(L3g4200d&)
 .text._ZSt3getILj1EJR8L3g4200dR11ShakeDetectR2UIEERNSt13tuple_elementIXT_ESt5tupleIJDpT0_EEE4typeERSA_
                0x0800229e       0x1a ./Core/Src/application.o
                0x0800229e                std::tuple_element<1u, std::tuple<L3g4200d&, ShakeDetect&, UI&> >::type& std::get<1u, L3g4200d&, ShakeDetect&, UI&>(std::tuple<L3g4200d&, ShakeDetect&, UI&>&)
 .text._ZN3csp14ParallelHelperIJ8L3g4200d11ShakeDetect2UIEE10spawn_taskILj2EEEvP15QueueDefinitionm
                0x080022b8       0x60 ./Core/Src/application.o
                0x080022b8                void csp::ParallelHelper<L3g4200d, ShakeDetect, UI>::spawn_task<2u>(QueueDefinition*, unsigned long)
 .text._ZN3csp14ParallelHelperIJ8L3g4200d11ShakeDetect2UIEE12spawn_othersILj3EEEvP15QueueDefinitionm
                0x08002318       0x18 ./Core/Src/application.o
                0x08002318                void csp::ParallelHelper<L3g4200d, ShakeDetect, UI>::spawn_others<3u>(QueueDefinition*, unsigned long)
 .text._ZNSt11_Tuple_implILj0EJR8L3g4200dR11ShakeDetectR2UIEE7_M_headERS6_
                0x08002330       0x1c ./Core/Src/application.o
                0x08002330                std::_Tuple_impl<0u, L3g4200d&, ShakeDetect&, UI&>::_M_head(std::_Tuple_impl<0u, L3g4200d&, ShakeDetect&, UI&>&)
 .text._ZNSt11_Tuple_implILj2EJR2UIEEC2ES1_
                0x0800234c       0x1e ./Core/Src/application.o
                0x0800234c                std::_Tuple_impl<2u, UI&>::_Tuple_impl(UI&)
                0x0800234c                std::_Tuple_impl<2u, UI&>::_Tuple_impl(UI&)
 .text._ZNSt10_Head_baseILj1ER11ShakeDetectLb0EEC2ES1_
                0x0800236a       0x1e ./Core/Src/application.o
                0x0800236a                std::_Head_base<1u, ShakeDetect&, false>::_Head_base(ShakeDetect&)
                0x0800236a                std::_Head_base<1u, ShakeDetect&, false>::_Head_base(ShakeDetect&)
 .text._ZSt12__get_helperILj1ER11ShakeDetectJR2UIEERT0_RSt11_Tuple_implIXT_EJS4_DpT1_EE
                0x08002388       0x18 ./Core/Src/application.o
                0x08002388                ShakeDetect& std::__get_helper<1u, ShakeDetect&, UI&>(std::_Tuple_impl<1u, ShakeDetect&, UI&>&)
 .text._ZSt3getILj2EJR8L3g4200dR11ShakeDetectR2UIEERNSt13tuple_elementIXT_ESt5tupleIJDpT0_EEE4typeERSA_
                0x080023a0       0x1a ./Core/Src/application.o
                0x080023a0                std::tuple_element<2u, std::tuple<L3g4200d&, ShakeDetect&, UI&> >::type& std::get<2u, L3g4200d&, ShakeDetect&, UI&>(std::tuple<L3g4200d&, ShakeDetect&, UI&>&)
 .text._ZNSt10_Head_baseILj0ER8L3g4200dLb0EE7_M_headERS2_
                0x080023ba       0x18 ./Core/Src/application.o
                0x080023ba                std::_Head_base<0u, L3g4200d&, false>::_M_head(std::_Head_base<0u, L3g4200d&, false>&)
 .text._ZNSt10_Head_baseILj2ER2UILb0EEC2ES1_
                0x080023d2       0x1e ./Core/Src/application.o
                0x080023d2                std::_Head_base<2u, UI&, false>::_Head_base(UI&)
                0x080023d2                std::_Head_base<2u, UI&, false>::_Head_base(UI&)
 .text._ZNSt11_Tuple_implILj1EJR11ShakeDetectR2UIEE7_M_headERS4_
                0x080023f0       0x1c ./Core/Src/application.o
                0x080023f0                std::_Tuple_impl<1u, ShakeDetect&, UI&>::_M_head(std::_Tuple_impl<1u, ShakeDetect&, UI&>&)
 .text._ZSt12__get_helperILj2ER2UIJEERT0_RSt11_Tuple_implIXT_EJS2_DpT1_EE
                0x0800240c       0x18 ./Core/Src/application.o
                0x0800240c                UI& std::__get_helper<2u, UI&>(std::_Tuple_impl<2u, UI&>&)
 .text._ZNSt10_Head_baseILj1ER11ShakeDetectLb0EE7_M_headERS2_
                0x08002424       0x18 ./Core/Src/application.o
                0x08002424                std::_Head_base<1u, ShakeDetect&, false>::_M_head(std::_Head_base<1u, ShakeDetect&, false>&)
 .text._ZNSt11_Tuple_implILj2EJR2UIEE7_M_headERS2_
                0x0800243c       0x1a ./Core/Src/application.o
                0x0800243c                std::_Tuple_impl<2u, UI&>::_M_head(std::_Tuple_impl<2u, UI&>&)
 .text._ZNSt10_Head_baseILj2ER2UILb0EE7_M_headERS2_
                0x08002456       0x18 ./Core/Src/application.o
                0x08002456                std::_Head_base<2u, UI&, false>::_M_head(std::_Head_base<2u, UI&, false>&)
 *fill*         0x0800246e        0x2 
 .text._Z41__static_initialization_and_destruction_0v
                0x08002470       0x14 ./Core/Src/application.o
 .text._ZN3csp14One2OneChannelI9trigger_tED2Ev
                0x08002484       0x1a ./Core/Src/application.o
                0x08002484                csp::One2OneChannel<trigger_t>::~One2OneChannel()
                0x08002484                csp::One2OneChannel<trigger_t>::~One2OneChannel()
 *fill*         0x0800249e        0x2 
 .text._Z41__static_initialization_and_destruction_1v
                0x080024a0       0x14 ./Core/Src/application.o
 .text._ZN3csp8internal17RendezvousChannelI6ResultE5inputEPS2_
                0x080024b4       0xcc ./Core/Src/application.o
                0x080024b4                csp::internal::RendezvousChannel<Result>::input(Result*)
 .text._ZN3csp8internal17RendezvousChannelI6ResultE6outputEPKS2_
                0x08002580       0xe0 ./Core/Src/application.o
                0x08002580                csp::internal::RendezvousChannel<Result>::output(Result const*)
 .text._ZN3csp8internal17RendezvousChannelI6ResultE13beginExtInputEPS2_
                0x08002660       0x16 ./Core/Src/application.o
                0x08002660                csp::internal::RendezvousChannel<Result>::beginExtInput(Result*)
 .text._ZN3csp8internal17RendezvousChannelI6ResultE11endExtInputEv
                0x08002676       0x14 ./Core/Src/application.o
                0x08002676                csp::internal::RendezvousChannel<Result>::endExtInput()
 .text._ZN3csp8internal17RendezvousChannelI6ResultE7pendingEv
                0x0800268a       0x96 ./Core/Src/application.o
                0x0800268a                csp::internal::RendezvousChannel<Result>::pending()
 .text._ZN3csp8internal17RendezvousChannelI6ResultE10putFromISRERKS2_
                0x08002720       0xf8 ./Core/Src/application.o
                0x08002720                csp::internal::RendezvousChannel<Result>::putFromISR(Result const&)
 .text._ZN3csp8internal17RendezvousChannelI6ResultE13getInputGuardERS2_
                0x08002818       0x22 ./Core/Src/application.o
                0x08002818                csp::internal::RendezvousChannel<Result>::getInputGuard(Result&)
 .text._ZN3csp8internal17RendezvousChannelI6ResultE14getOutputGuardERKS2_
                0x0800283a       0x22 ./Core/Src/application.o
                0x0800283a                csp::internal::RendezvousChannel<Result>::getOutputGuard(Result const&)
 .text._ZN3csp8internal17RendezvousChannelI7MessageE5inputEPS2_
                0x0800285c       0xcc ./Core/Src/application.o
                0x0800285c                csp::internal::RendezvousChannel<Message>::input(Message*)
 .text._ZN3csp8internal17RendezvousChannelI7MessageE6outputEPKS2_
                0x08002928       0xe0 ./Core/Src/application.o
                0x08002928                csp::internal::RendezvousChannel<Message>::output(Message const*)
 .text._ZN3csp8internal17RendezvousChannelI7MessageE13beginExtInputEPS2_
                0x08002a08       0x16 ./Core/Src/application.o
                0x08002a08                csp::internal::RendezvousChannel<Message>::beginExtInput(Message*)
 .text._ZN3csp8internal17RendezvousChannelI7MessageE11endExtInputEv
                0x08002a1e       0x14 ./Core/Src/application.o
                0x08002a1e                csp::internal::RendezvousChannel<Message>::endExtInput()
 .text._ZN3csp8internal17RendezvousChannelI7MessageE7pendingEv
                0x08002a32       0x96 ./Core/Src/application.o
                0x08002a32                csp::internal::RendezvousChannel<Message>::pending()
 .text._ZN3csp8internal17RendezvousChannelI7MessageE10putFromISRERKS2_
                0x08002ac8       0xfc ./Core/Src/application.o
                0x08002ac8                csp::internal::RendezvousChannel<Message>::putFromISR(Message const&)
 .text._ZN3csp8internal17RendezvousChannelI7MessageE13getInputGuardERS2_
                0x08002bc4       0x22 ./Core/Src/application.o
                0x08002bc4                csp::internal::RendezvousChannel<Message>::getInputGuard(Message&)
 .text._ZN3csp8internal17RendezvousChannelI7MessageE14getOutputGuardERKS2_
                0x08002be6       0x22 ./Core/Src/application.o
                0x08002be6                csp::internal::RendezvousChannel<Message>::getOutputGuard(Message const&)
 .text._ZN3csp8internal17RendezvousChannelI9trigger_tE5inputEPS2_
                0x08002c08       0xcc ./Core/Src/application.o
                0x08002c08                csp::internal::RendezvousChannel<trigger_t>::input(trigger_t*)
 .text._ZN3csp8internal17RendezvousChannelI9trigger_tE6outputEPKS2_
                0x08002cd4       0xe0 ./Core/Src/application.o
                0x08002cd4                csp::internal::RendezvousChannel<trigger_t>::output(trigger_t const*)
 .text._ZN3csp8internal17RendezvousChannelI9trigger_tE13beginExtInputEPS2_
                0x08002db4       0x16 ./Core/Src/application.o
                0x08002db4                csp::internal::RendezvousChannel<trigger_t>::beginExtInput(trigger_t*)
 .text._ZN3csp8internal17RendezvousChannelI9trigger_tE11endExtInputEv
                0x08002dca       0x14 ./Core/Src/application.o
                0x08002dca                csp::internal::RendezvousChannel<trigger_t>::endExtInput()
 .text._ZN3csp8internal17RendezvousChannelI9trigger_tE7pendingEv
                0x08002dde       0x96 ./Core/Src/application.o
                0x08002dde                csp::internal::RendezvousChannel<trigger_t>::pending()
 .text._ZN3csp8internal17RendezvousChannelI9trigger_tE10putFromISRERKS2_
                0x08002e74       0xf8 ./Core/Src/application.o
                0x08002e74                csp::internal::RendezvousChannel<trigger_t>::putFromISR(trigger_t const&)
 .text._ZN3csp8internal17RendezvousChannelI9trigger_tE13getInputGuardERS2_
                0x08002f6c       0x22 ./Core/Src/application.o
                0x08002f6c                csp::internal::RendezvousChannel<trigger_t>::getInputGuard(trigger_t&)
 .text._ZN3csp8internal17RendezvousChannelI9trigger_tE14getOutputGuardERKS2_
                0x08002f8e       0x22 ./Core/Src/application.o
                0x08002f8e                csp::internal::RendezvousChannel<trigger_t>::getOutputGuard(trigger_t const&)
 .text._GLOBAL__sub_I_HAL_GPIO_EXTI_Callback
                0x08002fb0        0xa ./Core/Src/application.o
 .text._GLOBAL__sub_D_HAL_GPIO_EXTI_Callback
                0x08002fba        0xa ./Core/Src/application.o
 .text.cs_low   0x08002fc4       0x20 ./Core/Src/l3g4200d.o
 .text.cs_high  0x08002fe4       0x20 ./Core/Src/l3g4200d.o
 .text.write_reg
                0x08003004       0x44 ./Core/Src/l3g4200d.o
                0x08003004                write_reg
 .text.read_reg
                0x08003048       0x54 ./Core/Src/l3g4200d.o
                0x08003048                read_reg
 .text.L3G4200D_EnableINT1
                0x0800309c       0x22 ./Core/Src/l3g4200d.o
                0x0800309c                L3G4200D_EnableINT1
 *fill*         0x080030be        0x2 
 .text.L3G4200D_Init
                0x080030c0      0x188 ./Core/Src/l3g4200d.o
                0x080030c0                L3G4200D_Init
 .text.L3G4200D_ReadRaw
                0x08003248       0x8e ./Core/Src/l3g4200d.o
                0x08003248                L3G4200D_ReadRaw
 *fill*         0x080032d6        0x2 
 .text.L3G4200D_ReadDPS
                0x080032d8       0x9c ./Core/Src/l3g4200d.o
                0x080032d8                L3G4200D_ReadDPS
 .text._write   0x08003374       0x2c ./Core/Src/main.o
                0x08003374                _write
 .text._read    0x080033a0       0x28 ./Core/Src/main.o
                0x080033a0                _read
 .text.main     0x080033c8       0x50 ./Core/Src/main.o
                0x080033c8                main
 .text.SystemClock_Config
                0x08003418       0xd8 ./Core/Src/main.o
                0x08003418                SystemClock_Config
 .text.MX_SPI3_Init
                0x080034f0       0x6c ./Core/Src/main.o
 .text.MX_USART2_UART_Init
                0x0800355c       0x54 ./Core/Src/main.o
 .text.MX_GPIO_Init
                0x080035b0      0x190 ./Core/Src/main.o
 .text.StartDefaultTask
                0x08003740       0x10 ./Core/Src/main.o
                0x08003740                StartDefaultTask
 .text.HAL_TIM_PeriodElapsedCallback
                0x08003750       0x24 ./Core/Src/main.o
                0x08003750                HAL_TIM_PeriodElapsedCallback
 .text.Error_Handler
                0x08003774        0xc ./Core/Src/main.o
                0x08003774                Error_Handler
 .text.HAL_MspInit
                0x08003780       0x58 ./Core/Src/stm32f4xx_hal_msp.o
                0x08003780                HAL_MspInit
 .text.HAL_SPI_MspInit
                0x080037d8       0xd0 ./Core/Src/stm32f4xx_hal_msp.o
                0x080037d8                HAL_SPI_MspInit
 .text.HAL_UART_MspInit
                0x080038a8       0x90 ./Core/Src/stm32f4xx_hal_msp.o
                0x080038a8                HAL_UART_MspInit
 .text.HAL_InitTick
                0x08003938       0xe4 ./Core/Src/stm32f4xx_hal_timebase_tim.o
                0x08003938                HAL_InitTick
 .text.NMI_Handler
                0x08003a1c        0x8 ./Core/Src/stm32f4xx_it.o
                0x08003a1c                NMI_Handler
 .text.HardFault_Handler
                0x08003a24        0x8 ./Core/Src/stm32f4xx_it.o
                0x08003a24                HardFault_Handler
 .text.MemManage_Handler
                0x08003a2c        0x8 ./Core/Src/stm32f4xx_it.o
                0x08003a2c                MemManage_Handler
 .text.BusFault_Handler
                0x08003a34        0x8 ./Core/Src/stm32f4xx_it.o
                0x08003a34                BusFault_Handler
 .text.UsageFault_Handler
                0x08003a3c        0x8 ./Core/Src/stm32f4xx_it.o
                0x08003a3c                UsageFault_Handler
 .text.DebugMon_Handler
                0x08003a44        0xe ./Core/Src/stm32f4xx_it.o
                0x08003a44                DebugMon_Handler
 *fill*         0x08003a52        0x2 
 .text.TIM1_UP_TIM10_IRQHandler
                0x08003a54       0x14 ./Core/Src/stm32f4xx_it.o
                0x08003a54                TIM1_UP_TIM10_IRQHandler
 .text.EXTI1_IRQHandler
                0x08003a68        0xe ./Core/Src/stm32f4xx_it.o
                0x08003a68                EXTI1_IRQHandler
 .text._getpid  0x08003a76       0x10 ./Core/Src/syscalls.o
                0x08003a76                _getpid
 .text._kill    0x08003a86       0x20 ./Core/Src/syscalls.o
                0x08003a86                _kill
 .text._exit    0x08003aa6       0x16 ./Core/Src/syscalls.o
                0x08003aa6                _exit
 .text._close   0x08003abc       0x18 ./Core/Src/syscalls.o
                0x08003abc                _close
 .text._fstat   0x08003ad4       0x20 ./Core/Src/syscalls.o
                0x08003ad4                _fstat
 .text._isatty  0x08003af4       0x16 ./Core/Src/syscalls.o
                0x08003af4                _isatty
 .text._lseek   0x08003b0a       0x1a ./Core/Src/syscalls.o
                0x08003b0a                _lseek
 .text._sbrk    0x08003b24       0x6c ./Core/Src/sysmem.o
                0x08003b24                _sbrk
 .text.SystemInit
                0x08003b90       0x24 ./Core/Src/system_stm32f4xx.o
                0x08003b90                SystemInit
 .text.Reset_Handler
                0x08003bb4       0x50 ./Core/Startup/startup_stm32f401retx.o
                0x08003bb4                Reset_Handler
 .text.Default_Handler
                0x08003c04        0x2 ./Core/Startup/startup_stm32f401retx.o
                0x08003c04                RTC_Alarm_IRQHandler
                0x08003c04                EXTI2_IRQHandler
                0x08003c04                SPI4_IRQHandler
                0x08003c04                TIM1_CC_IRQHandler
                0x08003c04                DMA2_Stream5_IRQHandler
                0x08003c04                DMA1_Stream5_IRQHandler
                0x08003c04                PVD_IRQHandler
                0x08003c04                SDIO_IRQHandler
                0x08003c04                TAMP_STAMP_IRQHandler
                0x08003c04                EXTI3_IRQHandler
                0x08003c04                I2C3_ER_IRQHandler
                0x08003c04                EXTI0_IRQHandler
                0x08003c04                I2C2_EV_IRQHandler
                0x08003c04                DMA1_Stream2_IRQHandler
                0x08003c04                FPU_IRQHandler
                0x08003c04                DMA2_Stream2_IRQHandler
                0x08003c04                SPI1_IRQHandler
                0x08003c04                TIM1_BRK_TIM9_IRQHandler
                0x08003c04                DMA2_Stream3_IRQHandler
                0x08003c04                USART6_IRQHandler
                0x08003c04                DMA2_Stream0_IRQHandler
                0x08003c04                TIM4_IRQHandler
                0x08003c04                I2C1_EV_IRQHandler
                0x08003c04                DMA1_Stream6_IRQHandler
                0x08003c04                DMA1_Stream1_IRQHandler
                0x08003c04                TIM3_IRQHandler
                0x08003c04                RCC_IRQHandler
                0x08003c04                Default_Handler
                0x08003c04                EXTI15_10_IRQHandler
                0x08003c04                ADC_IRQHandler
                0x08003c04                DMA1_Stream7_IRQHandler
                0x08003c04                TIM5_IRQHandler
                0x08003c04                DMA2_Stream7_IRQHandler
                0x08003c04                I2C3_EV_IRQHandler
                0x08003c04                EXTI9_5_IRQHandler
                0x08003c04                RTC_WKUP_IRQHandler
                0x08003c04                SPI2_IRQHandler
                0x08003c04                DMA1_Stream0_IRQHandler
                0x08003c04                EXTI4_IRQHandler
                0x08003c04                WWDG_IRQHandler
                0x08003c04                TIM2_IRQHandler
                0x08003c04                OTG_FS_WKUP_IRQHandler
                0x08003c04                TIM1_TRG_COM_TIM11_IRQHandler
                0x08003c04                USART2_IRQHandler
                0x08003c04                I2C2_ER_IRQHandler
                0x08003c04                DMA2_Stream1_IRQHandler
                0x08003c04                FLASH_IRQHandler
                0x08003c04                DMA2_Stream4_IRQHandler
                0x08003c04                USART1_IRQHandler
                0x08003c04                OTG_FS_IRQHandler
                0x08003c04                SPI3_IRQHandler
                0x08003c04                DMA1_Stream4_IRQHandler
                0x08003c04                I2C1_ER_IRQHandler
                0x08003c04                DMA2_Stream6_IRQHandler
                0x08003c04                DMA1_Stream3_IRQHandler
 *fill*         0x08003c06        0x2 
 .text.HAL_Init
                0x08003c08       0x44 ./Drivers/STM32F4xx_HAL_Driver/Src/stm32f4xx_hal.o
                0x08003c08                HAL_Init
 .text.HAL_IncTick
                0x08003c4c       0x28 ./Drivers/STM32F4xx_HAL_Driver/Src/stm32f4xx_hal.o
                0x08003c4c                HAL_IncTick
 .text.HAL_GetTick
                0x08003c74       0x18 ./Drivers/STM32F4xx_HAL_Driver/Src/stm32f4xx_hal.o
                0x08003c74                HAL_GetTick
 .text.HAL_Delay
                0x08003c8c       0x48 ./Drivers/STM32F4xx_HAL_Driver/Src/stm32f4xx_hal.o
                0x08003c8c                HAL_Delay
 .text.__NVIC_SetPriorityGrouping
                0x08003cd4       0x48 ./Drivers/STM32F4xx_HAL_Driver/Src/stm32f4xx_hal_cortex.o
 .text.__NVIC_GetPriorityGrouping
                0x08003d1c       0x1c ./Drivers/STM32F4xx_HAL_Driver/Src/stm32f4xx_hal_cortex.o
 .text.__NVIC_EnableIRQ
                0x08003d38       0x3c ./Drivers/STM32F4xx_HAL_Driver/Src/stm32f4xx_hal_cortex.o
 .text.__NVIC_SetPriority
                0x08003d74       0x54 ./Drivers/STM32F4xx_HAL_Driver/Src/stm32f4xx_hal_cortex.o
 .text.NVIC_EncodePriority
                0x08003dc8       0x66 ./Drivers/STM32F4xx_HAL_Driver/Src/stm32f4xx_hal_cortex.o
 .text.HAL_NVIC_SetPriorityGrouping
                0x08003e2e       0x16 ./Drivers/STM32F4xx_HAL_Driver/Src/stm32f4xx_hal_cortex.o
                0x08003e2e                HAL_NVIC_SetPriorityGrouping
 .text.HAL_NVIC_SetPriority
                0x08003e44       0x38 ./Drivers/STM32F4xx_HAL_Driver/Src/stm32f4xx_hal_cortex.o
                0x08003e44                HAL_NVIC_SetPriority
 .text.HAL_NVIC_EnableIRQ
                0x08003e7c       0x1c ./Drivers/STM32F4xx_HAL_Driver/Src/stm32f4xx_hal_cortex.o
                0x08003e7c                HAL_NVIC_EnableIRQ
 .text.HAL_GPIO_Init
                0x08003e98      0x308 ./Drivers/STM32F4xx_HAL_Driver/Src/stm32f4xx_hal_gpio.o
                0x08003e98                HAL_GPIO_Init
 .text.HAL_GPIO_WritePin
                0x080041a0       0x32 ./Drivers/STM32F4xx_HAL_Driver/Src/stm32f4xx_hal_gpio.o
                0x080041a0                HAL_GPIO_WritePin
 *fill*         0x080041d2        0x2 
 .text.HAL_GPIO_EXTI_IRQHandler
                0x080041d4       0x30 ./Drivers/STM32F4xx_HAL_Driver/Src/stm32f4xx_hal_gpio.o
                0x080041d4                HAL_GPIO_EXTI_IRQHandler
 .text.HAL_RCC_OscConfig
                0x08004204      0x4f0 ./Drivers/STM32F4xx_HAL_Driver/Src/stm32f4xx_hal_rcc.o
                0x08004204                HAL_RCC_OscConfig
 .text.HAL_RCC_ClockConfig
                0x080046f4      0x1cc ./Drivers/STM32F4xx_HAL_Driver/Src/stm32f4xx_hal_rcc.o
                0x080046f4                HAL_RCC_ClockConfig
 .text.HAL_RCC_GetSysClockFreq
                0x080048c0      0x20c ./Drivers/STM32F4xx_HAL_Driver/Src/stm32f4xx_hal_rcc.o
                0x080048c0                HAL_RCC_GetSysClockFreq
 .text.HAL_RCC_GetHCLKFreq
                0x08004acc       0x18 ./Drivers/STM32F4xx_HAL_Driver/Src/stm32f4xx_hal_rcc.o
                0x08004acc                HAL_RCC_GetHCLKFreq
 .text.HAL_RCC_GetPCLK1Freq
                0x08004ae4       0x28 ./Drivers/STM32F4xx_HAL_Driver/Src/stm32f4xx_hal_rcc.o
                0x08004ae4                HAL_RCC_GetPCLK1Freq
 .text.HAL_RCC_GetPCLK2Freq
                0x08004b0c       0x28 ./Drivers/STM32F4xx_HAL_Driver/Src/stm32f4xx_hal_rcc.o
                0x08004b0c                HAL_RCC_GetPCLK2Freq
 .text.HAL_RCC_GetClockConfig
                0x08004b34       0x64 ./Drivers/STM32F4xx_HAL_Driver/Src/stm32f4xx_hal_rcc.o
                0x08004b34                HAL_RCC_GetClockConfig
 .text.HAL_SPI_Init
                0x08004b98      0x112 ./Drivers/STM32F4xx_HAL_Driver/Src/stm32f4xx_hal_spi.o
                0x08004b98                HAL_SPI_Init
 .text.HAL_SPI_Transmit
                0x08004caa      0x288 ./Drivers/STM32F4xx_HAL_Driver/Src/stm32f4xx_hal_spi.o
                0x08004caa                HAL_SPI_Transmit
 .text.HAL_SPI_TransmitReceive
                0x08004f32      0x352 ./Drivers/STM32F4xx_HAL_Driver/Src/stm32f4xx_hal_spi.o
                0x08004f32                HAL_SPI_TransmitReceive
 .text.SPI_WaitFlagStateUntilTimeout
                0x08005284      0x110 ./Drivers/STM32F4xx_HAL_Driver/Src/stm32f4xx_hal_spi.o
 .text.SPI_EndRxTxTransaction
                0x08005394       0xa8 ./Drivers/STM32F4xx_HAL_Driver/Src/stm32f4xx_hal_spi.o
 .text.HAL_TIM_Base_Init
                0x0800543c       0x9e ./Drivers/STM32F4xx_HAL_Driver/Src/stm32f4xx_hal_tim.o
                0x0800543c                HAL_TIM_Base_Init
 .text.HAL_TIM_Base_MspInit
                0x080054da       0x14 ./Drivers/STM32F4xx_HAL_Driver/Src/stm32f4xx_hal_tim.o
                0x080054da                HAL_TIM_Base_MspInit
 *fill*         0x080054ee        0x2 
 .text.HAL_TIM_Base_Start_IT
                0x080054f0       0xc4 ./Drivers/STM32F4xx_HAL_Driver/Src/stm32f4xx_hal_tim.o
                0x080054f0                HAL_TIM_Base_Start_IT
 .text.HAL_TIM_IRQHandler
                0x080055b4      0x1e0 ./Drivers/STM32F4xx_HAL_Driver/Src/stm32f4xx_hal_tim.o
                0x080055b4                HAL_TIM_IRQHandler
 .text.HAL_TIM_OC_DelayElapsedCallback
                0x08005794       0x14 ./Drivers/STM32F4xx_HAL_Driver/Src/stm32f4xx_hal_tim.o
                0x08005794                HAL_TIM_OC_DelayElapsedCallback
 .text.HAL_TIM_IC_CaptureCallback
                0x080057a8       0x14 ./Drivers/STM32F4xx_HAL_Driver/Src/stm32f4xx_hal_tim.o
                0x080057a8                HAL_TIM_IC_CaptureCallback
 .text.HAL_TIM_PWM_PulseFinishedCallback
                0x080057bc       0x14 ./Drivers/STM32F4xx_HAL_Driver/Src/stm32f4xx_hal_tim.o
                0x080057bc                HAL_TIM_PWM_PulseFinishedCallback
 .text.HAL_TIM_TriggerCallback
                0x080057d0       0x14 ./Drivers/STM32F4xx_HAL_Driver/Src/stm32f4xx_hal_tim.o
                0x080057d0                HAL_TIM_TriggerCallback
 .text.TIM_Base_SetConfig
                0x080057e4      0x10c ./Drivers/STM32F4xx_HAL_Driver/Src/stm32f4xx_hal_tim.o
                0x080057e4                TIM_Base_SetConfig
 .text.HAL_TIMEx_CommutCallback
                0x080058f0       0x14 ./Drivers/STM32F4xx_HAL_Driver/Src/stm32f4xx_hal_tim_ex.o
                0x080058f0                HAL_TIMEx_CommutCallback
 .text.HAL_TIMEx_BreakCallback
                0x08005904       0x14 ./Drivers/STM32F4xx_HAL_Driver/Src/stm32f4xx_hal_tim_ex.o
                0x08005904                HAL_TIMEx_BreakCallback
 .text.HAL_UART_Init
                0x08005918       0xa0 ./Drivers/STM32F4xx_HAL_Driver/Src/stm32f4xx_hal_uart.o
                0x08005918                HAL_UART_Init
 .text.HAL_UART_Transmit
                0x080059b8      0x116 ./Drivers/STM32F4xx_HAL_Driver/Src/stm32f4xx_hal_uart.o
                0x080059b8                HAL_UART_Transmit
 .text.HAL_UART_Receive
                0x08005ace      0x12e ./Drivers/STM32F4xx_HAL_Driver/Src/stm32f4xx_hal_uart.o
                0x08005ace                HAL_UART_Receive
 .text.UART_WaitOnFlagUntilTimeout
                0x08005bfc       0xb2 ./Drivers/STM32F4xx_HAL_Driver/Src/stm32f4xx_hal_uart.o
 .text.UART_EndRxTransfer
                0x08005cae       0xc6 ./Drivers/STM32F4xx_HAL_Driver/Src/stm32f4xx_hal_uart.o
 .text.UART_SetConfig
                0x08005d74      0x4e8 ./Drivers/STM32F4xx_HAL_Driver/Src/stm32f4xx_hal_uart.o
 .text.__NVIC_SetPriority
                0x0800625c       0x54 ./Middlewares/Third_Party/FreeRTOS/Source/CMSIS_RTOS_V2/cmsis_os2.o
 .text.SysTick_Handler
                0x080062b0       0x20 ./Middlewares/Third_Party/FreeRTOS/Source/CMSIS_RTOS_V2/cmsis_os2.o
                0x080062b0                SysTick_Handler
 .text.SVC_Setup
                0x080062d0       0x12 ./Middlewares/Third_Party/FreeRTOS/Source/CMSIS_RTOS_V2/cmsis_os2.o
 *fill*         0x080062e2        0x2 
 .text.osKernelInitialize
                0x080062e4       0x48 ./Middlewares/Third_Party/FreeRTOS/Source/CMSIS_RTOS_V2/cmsis_os2.o
                0x080062e4                osKernelInitialize
 .text.osKernelStart
                0x0800632c       0x4c ./Middlewares/Third_Party/FreeRTOS/Source/CMSIS_RTOS_V2/cmsis_os2.o
                0x0800632c                osKernelStart
 .text.osThreadNew
                0x08006378      0x124 ./Middlewares/Third_Party/FreeRTOS/Source/CMSIS_RTOS_V2/cmsis_os2.o
                0x08006378                osThreadNew
 .text.osDelay  0x0800649c       0x36 ./Middlewares/Third_Party/FreeRTOS/Source/CMSIS_RTOS_V2/cmsis_os2.o
                0x0800649c                osDelay
 *fill*         0x080064d2        0x2 
 .text.vApplicationGetIdleTaskMemory
                0x080064d4       0x34 ./Middlewares/Third_Party/FreeRTOS/Source/CMSIS_RTOS_V2/cmsis_os2.o
                0x080064d4                vApplicationGetIdleTaskMemory
 .text.vApplicationGetTimerTaskMemory
                0x08006508       0x34 ./Middlewares/Third_Party/FreeRTOS/Source/CMSIS_RTOS_V2/cmsis_os2.o
                0x08006508                vApplicationGetTimerTaskMemory
 .text.xEventGroupSetBits
                0x0800653c      0x118 ./Middlewares/Third_Party/FreeRTOS/Source/event_groups.o
                0x0800653c                xEventGroupSetBits
 .text.vEventGroupSetBitsCallback
                0x08006654       0x1a ./Middlewares/Third_Party/FreeRTOS/Source/event_groups.o
                0x08006654                vEventGroupSetBitsCallback
 *fill*         0x0800666e        0x2 
 .text.xEventGroupSetBitsFromISR
                0x08006670       0x28 ./Middlewares/Third_Party/FreeRTOS/Source/event_groups.o
                0x08006670                xEventGroupSetBitsFromISR
 .text.vListInitialise
                0x08006698       0x40 ./Middlewares/Third_Party/FreeRTOS/Source/list.o
                0x08006698                vListInitialise
 .text.vListInitialiseItem
                0x080066d8       0x1a ./Middlewares/Third_Party/FreeRTOS/Source/list.o
                0x080066d8                vListInitialiseItem
 .text.vListInsertEnd
                0x080066f2       0x48 ./Middlewares/Third_Party/FreeRTOS/Source/list.o
                0x080066f2                vListInsertEnd
 .text.vListInsert
                0x0800673a       0x72 ./Middlewares/Third_Party/FreeRTOS/Source/list.o
                0x0800673a                vListInsert
 .text.uxListRemove
                0x080067ac       0x54 ./Middlewares/Third_Party/FreeRTOS/Source/list.o
                0x080067ac                uxListRemove
 .text.xQueueGenericReset
                0x08006800       0xd4 ./Middlewares/Third_Party/FreeRTOS/Source/queue.o
                0x08006800                xQueueGenericReset
 .text.xQueueGenericCreateStatic
                0x080068d4       0xfa ./Middlewares/Third_Party/FreeRTOS/Source/queue.o
                0x080068d4                xQueueGenericCreateStatic
 .text.xQueueGenericCreate
                0x080069ce       0x76 ./Middlewares/Third_Party/FreeRTOS/Source/queue.o
                0x080069ce                xQueueGenericCreate
 .text.prvInitialiseNewQueue
                0x08006a44       0x46 ./Middlewares/Third_Party/FreeRTOS/Source/queue.o
 .text.prvInitialiseMutex
                0x08006a8a       0x34 ./Middlewares/Third_Party/FreeRTOS/Source/queue.o
 .text.xQueueCreateMutex
                0x08006abe       0x30 ./Middlewares/Third_Party/FreeRTOS/Source/queue.o
                0x08006abe                xQueueCreateMutex
 .text.xQueueCreateCountingSemaphore
                0x08006aee       0x6a ./Middlewares/Third_Party/FreeRTOS/Source/queue.o
                0x08006aee                xQueueCreateCountingSemaphore
 .text.xQueueGenericSend
                0x08006b58      0x204 ./Middlewares/Third_Party/FreeRTOS/Source/queue.o
                0x08006b58                xQueueGenericSend
 .text.xQueueGenericSendFromISR
                0x08006d5c      0x13c ./Middlewares/Third_Party/FreeRTOS/Source/queue.o
                0x08006d5c                xQueueGenericSendFromISR
 .text.xQueueReceive
                0x08006e98      0x1c4 ./Middlewares/Third_Party/FreeRTOS/Source/queue.o
                0x08006e98                xQueueReceive
 .text.xQueueSemaphoreTake
                0x0800705c      0x220 ./Middlewares/Third_Party/FreeRTOS/Source/queue.o
                0x0800705c                xQueueSemaphoreTake
 .text.vQueueDelete
                0x0800727c       0x48 ./Middlewares/Third_Party/FreeRTOS/Source/queue.o
                0x0800727c                vQueueDelete
 .text.prvGetDisinheritPriorityAfterTimeout
                0x080072c4       0x30 ./Middlewares/Third_Party/FreeRTOS/Source/queue.o
 .text.prvCopyDataToQueue
                0x080072f4       0xd4 ./Middlewares/Third_Party/FreeRTOS/Source/queue.o
 .text.prvCopyDataFromQueue
                0x080073c8       0x4c ./Middlewares/Third_Party/FreeRTOS/Source/queue.o
 .text.prvUnlockQueue
                0x08007414       0xa4 ./Middlewares/Third_Party/FreeRTOS/Source/queue.o
 .text.prvIsQueueEmpty
                0x080074b8       0x2c ./Middlewares/Third_Party/FreeRTOS/Source/queue.o
 .text.prvIsQueueFull
                0x080074e4       0x30 ./Middlewares/Third_Party/FreeRTOS/Source/queue.o
 .text.vQueueAddToRegistry
                0x08007514       0x54 ./Middlewares/Third_Party/FreeRTOS/Source/queue.o
                0x08007514                vQueueAddToRegistry
 .text.vQueueUnregisterQueue
                0x08007568       0x54 ./Middlewares/Third_Party/FreeRTOS/Source/queue.o
                0x08007568                vQueueUnregisterQueue
 .text.vQueueWaitForMessageRestricted
                0x080075bc       0x68 ./Middlewares/Third_Party/FreeRTOS/Source/queue.o
                0x080075bc                vQueueWaitForMessageRestricted
 .text.xTaskCreateStatic
                0x08007624       0xc0 ./Middlewares/Third_Party/FreeRTOS/Source/tasks.o
                0x08007624                xTaskCreateStatic
 .text.xTaskCreate
                0x080076e4       0x8a ./Middlewares/Third_Party/FreeRTOS/Source/tasks.o
                0x080076e4                xTaskCreate
 .text.prvInitialiseNewTask
                0x0800776e      0x120 ./Middlewares/Third_Party/FreeRTOS/Source/tasks.o
 *fill*         0x0800788e        0x2 
 .text.prvAddNewTaskToReadyList
                0x08007890       0xe0 ./Middlewares/Third_Party/FreeRTOS/Source/tasks.o
 .text.vTaskDelete
                0x08007970       0xe8 ./Middlewares/Third_Party/FreeRTOS/Source/tasks.o
                0x08007970                vTaskDelete
 .text.vTaskDelay
                0x08007a58       0x6c ./Middlewares/Third_Party/FreeRTOS/Source/tasks.o
                0x08007a58                vTaskDelay
 .text.vTaskStartScheduler
                0x08007ac4       0xd0 ./Middlewares/Third_Party/FreeRTOS/Source/tasks.o
                0x08007ac4                vTaskStartScheduler
 .text.vTaskSuspendAll
                0x08007b94       0x1c ./Middlewares/Third_Party/FreeRTOS/Source/tasks.o
                0x08007b94                vTaskSuspendAll
 .text.xTaskResumeAll
                0x08007bb0      0x13c ./Middlewares/Third_Party/FreeRTOS/Source/tasks.o
                0x08007bb0                xTaskResumeAll
 .text.xTaskGetTickCount
                0x08007cec       0x20 ./Middlewares/Third_Party/FreeRTOS/Source/tasks.o
                0x08007cec                xTaskGetTickCount
 .text.xTaskIncrementTick
                0x08007d0c      0x174 ./Middlewares/Third_Party/FreeRTOS/Source/tasks.o
                0x08007d0c                xTaskIncrementTick
 .text.vTaskSwitchContext
                0x08007e80       0xbc ./Middlewares/Third_Party/FreeRTOS/Source/tasks.o
                0x08007e80                vTaskSwitchContext
 .text.vTaskPlaceOnEventList
                0x08007f3c       0x4c ./Middlewares/Third_Party/FreeRTOS/Source/tasks.o
                0x08007f3c                vTaskPlaceOnEventList
 .text.vTaskPlaceOnEventListRestricted
                0x08007f88       0x58 ./Middlewares/Third_Party/FreeRTOS/Source/tasks.o
                0x08007f88                vTaskPlaceOnEventListRestricted
 .text.xTaskRemoveFromEventList
                0x08007fe0       0xc8 ./Middlewares/Third_Party/FreeRTOS/Source/tasks.o
                0x08007fe0                xTaskRemoveFromEventList
 .text.vTaskRemoveFromUnorderedEventList
                0x080080a8       0xc8 ./Middlewares/Third_Party/FreeRTOS/Source/tasks.o
                0x080080a8                vTaskRemoveFromUnorderedEventList
 .text.vTaskInternalSetTimeOutState
                0x08008170       0x2c ./Middlewares/Third_Party/FreeRTOS/Source/tasks.o
                0x08008170                vTaskInternalSetTimeOutState
 .text.xTaskCheckForTimeOut
                0x0800819c       0xc8 ./Middlewares/Third_Party/FreeRTOS/Source/tasks.o
                0x0800819c                xTaskCheckForTimeOut
 .text.vTaskMissedYield
                0x08008264       0x18 ./Middlewares/Third_Party/FreeRTOS/Source/tasks.o
                0x08008264                vTaskMissedYield
 .text.prvIdleTask
                0x0800827c       0x30 ./Middlewares/Third_Party/FreeRTOS/Source/tasks.o
 .text.prvInitialiseTaskLists
                0x080082ac       0x80 ./Middlewares/Third_Party/FreeRTOS/Source/tasks.o
 .text.prvCheckTasksWaitingTermination
                0x0800832c       0x5c ./Middlewares/Third_Party/FreeRTOS/Source/tasks.o
 .text.prvDeleteTCB
                0x08008388       0x60 ./Middlewares/Third_Party/FreeRTOS/Source/tasks.o
 .text.prvResetNextTaskUnblockTime
                0x080083e8       0x40 ./Middlewares/Third_Party/FreeRTOS/Source/tasks.o
 .text.xTaskGetCurrentTaskHandle
                0x08008428       0x20 ./Middlewares/Third_Party/FreeRTOS/Source/tasks.o
                0x08008428                xTaskGetCurrentTaskHandle
 .text.xTaskGetSchedulerState
                0x08008448       0x3c ./Middlewares/Third_Party/FreeRTOS/Source/tasks.o
                0x08008448                xTaskGetSchedulerState
 .text.xTaskPriorityInherit
                0x08008484       0xd0 ./Middlewares/Third_Party/FreeRTOS/Source/tasks.o
                0x08008484                xTaskPriorityInherit
 .text.xTaskPriorityDisinherit
                0x08008554       0xe0 ./Middlewares/Third_Party/FreeRTOS/Source/tasks.o
                0x08008554                xTaskPriorityDisinherit
 .text.vTaskPriorityDisinheritAfterTimeout
                0x08008634      0x108 ./Middlewares/Third_Party/FreeRTOS/Source/tasks.o
                0x08008634                vTaskPriorityDisinheritAfterTimeout
 .text.pvTaskIncrementMutexHeldCount
                0x0800873c       0x28 ./Middlewares/Third_Party/FreeRTOS/Source/tasks.o
                0x0800873c                pvTaskIncrementMutexHeldCount
 .text.ulTaskNotifyTake
                0x08008764       0x90 ./Middlewares/Third_Party/FreeRTOS/Source/tasks.o
                0x08008764                ulTaskNotifyTake
 .text.xTaskGenericNotify
                0x080087f4      0x174 ./Middlewares/Third_Party/FreeRTOS/Source/tasks.o
                0x080087f4                xTaskGenericNotify
 .text.vTaskNotifyGiveFromISR
                0x08008968      0x128 ./Middlewares/Third_Party/FreeRTOS/Source/tasks.o
                0x08008968                vTaskNotifyGiveFromISR
 .text.xTaskNotifyStateClear
                0x08008a90       0x4c ./Middlewares/Third_Party/FreeRTOS/Source/tasks.o
                0x08008a90                xTaskNotifyStateClear
 .text.prvAddCurrentTaskToDelayedList
                0x08008adc       0xa8 ./Middlewares/Third_Party/FreeRTOS/Source/tasks.o
 .text.xTimerCreateTimerTask
                0x08008b84       0x94 ./Middlewares/Third_Party/FreeRTOS/Source/timers.o
                0x08008b84                xTimerCreateTimerTask
 .text.xTimerGenericCommand
                0x08008c18       0x9c ./Middlewares/Third_Party/FreeRTOS/Source/timers.o
                0x08008c18                xTimerGenericCommand
 .text.prvProcessExpiredTimer
                0x08008cb4       0x9c ./Middlewares/Third_Party/FreeRTOS/Source/timers.o
 .text.prvTimerTask
                0x08008d50       0x26 ./Middlewares/Third_Party/FreeRTOS/Source/timers.o
 *fill*         0x08008d76        0x2 
 .text.prvProcessTimerOrBlockTask
                0x08008d78       0x9c ./Middlewares/Third_Party/FreeRTOS/Source/timers.o
 .text.prvGetNextExpireTime
                0x08008e14       0x48 ./Middlewares/Third_Party/FreeRTOS/Source/timers.o
 .text.prvSampleTimeNow
                0x08008e5c       0x40 ./Middlewares/Third_Party/FreeRTOS/Source/timers.o
 .text.prvInsertTimerInActiveList
                0x08008e9c       0x84 ./Middlewares/Third_Party/FreeRTOS/Source/timers.o
 .text.prvProcessReceivedCommands
                0x08008f20      0x1cc ./Middlewares/Third_Party/FreeRTOS/Source/timers.o
 .text.prvSwitchTimerLists
                0x080090ec       0xcc ./Middlewares/Third_Party/FreeRTOS/Source/timers.o
 .text.prvCheckForValidListAndQueue
                0x080091b8       0x80 ./Middlewares/Third_Party/FreeRTOS/Source/timers.o
 .text.xTimerPendFunctionCallFromISR
                0x08009238       0x40 ./Middlewares/Third_Party/FreeRTOS/Source/timers.o
                0x08009238                xTimerPendFunctionCallFromISR
 .text.pxPortInitialiseStack
                0x08009278       0x68 ./Middlewares/Third_Party/FreeRTOS/Source/portable/GCC/ARM_CM4F/port.o
                0x08009278                pxPortInitialiseStack
 .text.prvTaskExitError
                0x080092e0       0x5c ./Middlewares/Third_Party/FreeRTOS/Source/portable/GCC/ARM_CM4F/port.o
 *fill*         0x0800933c        0x4 
 .text.SVC_Handler
                0x08009340       0x28 ./Middlewares/Third_Party/FreeRTOS/Source/portable/GCC/ARM_CM4F/port.o
                0x08009340                SVC_Handler
 .text.prvPortStartFirstTask
                0x08009368       0x28 ./Middlewares/Third_Party/FreeRTOS/Source/portable/GCC/ARM_CM4F/port.o
 .text.xPortStartScheduler
                0x08009390      0x148 ./Middlewares/Third_Party/FreeRTOS/Source/portable/GCC/ARM_CM4F/port.o
                0x08009390                xPortStartScheduler
 .text.vPortEnterCritical
                0x080094d8       0x64 ./Middlewares/Third_Party/FreeRTOS/Source/portable/GCC/ARM_CM4F/port.o
                0x080094d8                vPortEnterCritical
 .text.vPortExitCritical
                0x0800953c       0x54 ./Middlewares/Third_Party/FreeRTOS/Source/portable/GCC/ARM_CM4F/port.o
                0x0800953c                vPortExitCritical
 .text.PendSV_Handler
                0x08009590       0x68 ./Middlewares/Third_Party/FreeRTOS/Source/portable/GCC/ARM_CM4F/port.o
                0x08009590                PendSV_Handler
 .text.xPortSysTickHandler
                0x080095f8       0x44 ./Middlewares/Third_Party/FreeRTOS/Source/portable/GCC/ARM_CM4F/port.o
                0x080095f8                xPortSysTickHandler
 .text.vPortSetupTimerInterrupt
                0x0800963c       0x48 ./Middlewares/Third_Party/FreeRTOS/Source/portable/GCC/ARM_CM4F/port.o
                0x0800963c                vPortSetupTimerInterrupt
 .text.vPortEnableVFP
                0x08009684       0x14 ./Middlewares/Third_Party/FreeRTOS/Source/portable/GCC/ARM_CM4F/port.o
 .text.vPortValidateInterruptPriority
                0x08009698       0x84 ./Middlewares/Third_Party/FreeRTOS/Source/portable/GCC/ARM_CM4F/port.o
                0x08009698                vPortValidateInterruptPriority
 .text.pvPortMalloc
                0x0800971c      0x19c ./Middlewares/Third_Party/FreeRTOS/Source/portable/MemMang/heap_4.o
                0x0800971c                pvPortMalloc
 .text.vPortFree
                0x080098b8       0xc8 ./Middlewares/Third_Party/FreeRTOS/Source/portable/MemMang/heap_4.o
                0x080098b8                vPortFree
 .text.prvHeapInit
                0x08009980       0xc4 ./Middlewares/Third_Party/FreeRTOS/Source/portable/MemMang/heap_4.o
 .text.prvInsertBlockIntoFreeList
                0x08009a44       0xb4 ./Middlewares/Third_Party/FreeRTOS/Source/portable/MemMang/heap_4.o
 .text._ZN3csp8internal10WaitingAltC2Ev
                0x08009af8       0x2e ./lib/CSP4CMSIS/src/alt_channel_sync.o
                0x08009af8                csp::internal::WaitingAlt::WaitingAlt()
                0x08009af8                csp::internal::WaitingAlt::WaitingAlt()
 .text._ZN3csp8internal10WaitingAlt3setEPNS0_12AltSchedulerEmPvj
                0x08009b26       0x32 ./lib/CSP4CMSIS/src/alt_channel_sync.o
                0x08009b26                csp::internal::WaitingAlt::set(csp::internal::AltScheduler*, unsigned long, void*, unsigned int)
 .text._ZN3csp8internal10WaitingAlt5clearEv
                0x08009b58       0x2c ./lib/CSP4CMSIS/src/alt_channel_sync.o
                0x08009b58                csp::internal::WaitingAlt::clear()
 .text._ZN3csp8internal15AltChanSyncBase15clearWaitingOutEv
                0x08009b84       0x20 ./lib/CSP4CMSIS/src/alt_channel_sync.o
                0x08009b84                csp::internal::AltChanSyncBase::clearWaitingOut()
 .text._ZNK3csp8internal15AltChanSyncBase19getNonAltOutDataPtrEv
                0x08009ba4       0x18 ./lib/CSP4CMSIS/src/alt_channel_sync.o
                0x08009ba4                csp::internal::AltChanSyncBase::getNonAltOutDataPtr() const
 .text._ZN3csp8internal15AltChanSyncBase15getWaitingInAltEv
                0x08009bbc       0x18 ./lib/CSP4CMSIS/src/alt_channel_sync.o
                0x08009bbc                csp::internal::AltChanSyncBase::getWaitingInAlt()
 .text._ZN3csp8internal15AltChanSyncBase16getWaitingOutAltEv
                0x08009bd4       0x18 ./lib/CSP4CMSIS/src/alt_channel_sync.o
                0x08009bd4                csp::internal::AltChanSyncBase::getWaitingOutAlt()
 .text._ZN3csp8internal15AltChanSyncBaseC2Ev
                0x08009bec       0x5c ./lib/CSP4CMSIS/src/alt_channel_sync.o
                0x08009bec                csp::internal::AltChanSyncBase::AltChanSyncBase()
                0x08009bec                csp::internal::AltChanSyncBase::AltChanSyncBase()
 .text._ZN3csp8internal15AltChanSyncBaseD2Ev
                0x08009c48       0x30 ./lib/CSP4CMSIS/src/alt_channel_sync.o
                0x08009c48                csp::internal::AltChanSyncBase::~AltChanSyncBase()
                0x08009c48                csp::internal::AltChanSyncBase::~AltChanSyncBase()
 .text._ZN3csp8internal15AltChanSyncBaseD0Ev
                0x08009c78       0x20 ./lib/CSP4CMSIS/src/alt_channel_sync.o
                0x08009c78                csp::internal::AltChanSyncBase::~AltChanSyncBase()
 .text._ZN3csp8internal15AltChanSyncBase12tryHandshakeEPvjb
                0x08009c98       0xee ./lib/CSP4CMSIS/src/alt_channel_sync.o
                0x08009c98                csp::internal::AltChanSyncBase::tryHandshake(void*, unsigned int, bool)
 .text._ZN3csp8internal15AltChanSyncBase19registerWaitingTaskEPvb
                0x08009d86       0x3e ./lib/CSP4CMSIS/src/alt_channel_sync.o
                0x08009d86                csp::internal::AltChanSyncBase::registerWaitingTask(void*, bool)
 .text._ZN3csp8internal11ChanInGuard6enableEPNS0_12AltSchedulerEm
                0x08009dc4       0xa4 ./lib/CSP4CMSIS/src/alt_channel_sync.o
                0x08009dc4                csp::internal::ChanInGuard::enable(csp::internal::AltScheduler*, unsigned long)
 .text._ZN3csp8internal11ChanInGuard8activateEv
                0x08009e68       0xc8 ./lib/CSP4CMSIS/src/alt_channel_sync.o
                0x08009e68                csp::internal::ChanInGuard::activate()
 .text._ZN3csp8internal11ChanInGuard7disableEv
                0x08009f30       0x78 ./lib/CSP4CMSIS/src/alt_channel_sync.o
                0x08009f30                csp::internal::ChanInGuard::disable()
 .text._ZN3csp8internal12ChanOutGuard6enableEPNS0_12AltSchedulerEm
                0x08009fa8       0xa4 ./lib/CSP4CMSIS/src/alt_channel_sync.o
                0x08009fa8                csp::internal::ChanOutGuard::enable(csp::internal::AltScheduler*, unsigned long)
 .text._ZN3csp8internal12ChanOutGuard8activateEv
                0x0800a04c       0xc4 ./lib/CSP4CMSIS/src/alt_channel_sync.o
                0x0800a04c                csp::internal::ChanOutGuard::activate()
 .text._ZN3csp8internal12ChanOutGuard7disableEv
                0x0800a110       0x78 ./lib/CSP4CMSIS/src/alt_channel_sync.o
                0x0800a110                csp::internal::ChanOutGuard::disable()
 .text._ZN3csp8internal12AltScheduler6wakeUpEm
                0x0800a188       0x80 ./lib/CSP4CMSIS/src/alternative.o
                0x0800a188                csp::internal::AltScheduler::wakeUp(unsigned long)
 .text.ThreadFuncWrapper
                0x0800a208       0x50 ./lib/CSP4CMSIS/src/csp_wrapper.o
                0x0800a208                ThreadFuncWrapper
 .text._Znwj    0x0800a258       0x18 ./lib/CSP4CMSIS/src/glue.o
                0x0800a258                operator new(unsigned int)
 .text._ZdlPv   0x0800a270       0x16 ./lib/CSP4CMSIS/src/glue.o
                0x0800a270                operator delete(void*)
 .text._ZdlPvj  0x0800a286        0x4 /opt/st/stm32cubeide_2.0.0/plugins/com.st.stm32cube.ide.mcu.externaltools.gnu-tools-for-stm32.13.3.rel1.linux64_1.0.100.202509120712/tools/bin/../lib/gcc/arm-none-eabi/13.3.1/../../../../arm-none-eabi/lib/thumb/v7e-m+fp/hard/libstdc++_nano.a(del_ops.o)
                0x0800a286                operator delete(void*, unsigned int)
 .text.__cxa_guard_acquire
                0x0800a28a       0x18 /opt/st/stm32cubeide_2.0.0/plugins/com.st.stm32cube.ide.mcu.externaltools.gnu-tools-for-stm32.13.3.rel1.linux64_1.0.100.202509120712/tools/bin/../lib/gcc/arm-none-eabi/13.3.1/../../../../arm-none-eabi/lib/thumb/v7e-m+fp/hard/libstdc++_nano.a(guard.o)
                0x0800a28a                __cxa_guard_acquire
 .text.__cxa_guard_release
                0x0800a2a2        0x6 /opt/st/stm32cubeide_2.0.0/plugins/com.st.stm32cube.ide.mcu.externaltools.gnu-tools-for-stm32.13.3.rel1.linux64_1.0.100.202509120712/tools/bin/../lib/gcc/arm-none-eabi/13.3.1/../../../../arm-none-eabi/lib/thumb/v7e-m+fp/hard/libstdc++_nano.a(guard.o)
                0x0800a2a2                __cxa_guard_release
 .text.sqrtf    0x0800a2a8       0x3c /opt/st/stm32cubeide_2.0.0/plugins/com.st.stm32cube.ide.mcu.externaltools.gnu-tools-for-stm32.13.3.rel1.linux64_1.0.100.202509120712/tools/bin/../lib/gcc/arm-none-eabi/13.3.1/../../../../arm-none-eabi/lib/thumb/v7e-m+fp/hard/libm.a(libm_a-wf_sqrt.o)
                0x0800a2a8                sqrtf
 .text.__ieee754_sqrtf
                0x0800a2e4        0x6 /opt/st/stm32cubeide_2.0.0/plugins/com.st.stm32cube.ide.mcu.externaltools.gnu-tools-for-stm32.13.3.rel1.linux64_1.0.100.202509120712/tools/bin/../lib/gcc/arm-none-eabi/13.3.1/../../../../arm-none-eabi/lib/thumb/v7e-m+fp/hard/libm.a(libm_a-ef_sqrt.o)
                0x0800a2e4                __ieee754_sqrtf
 .text.atexit   0x0800a2ea        0xc /opt/st/stm32cubeide_2.0.0/plugins/com.st.stm32cube.ide.mcu.externaltools.gnu-tools-for-stm32.13.3.rel1.linux64_1.0.100.202509120712/tools/bin/../lib/gcc/arm-none-eabi/13.3.1/../../../../arm-none-eabi/lib/thumb/v7e-m+fp/hard/libc_nano.a(libc_a-atexit.o)
                0x0800a2ea                atexit
 .text.__cvt    0x0800a2f6       0xca /opt/st/stm32cubeide_2.0.0/plugins/com.st.stm32cube.ide.mcu.externaltools.gnu-tools-for-stm32.13.3.rel1.linux64_1.0.100.202509120712/tools/bin/../lib/gcc/arm-none-eabi/13.3.1/../../../../arm-none-eabi/lib/thumb/v7e-m+fp/hard/libc_nano.a(libc_a-nano-vfprintf_float.o)
                0x0800a2f6                __cvt
 .text.__exponent
                0x0800a3c0       0x74 /opt/st/stm32cubeide_2.0.0/plugins/com.st.stm32cube.ide.mcu.externaltools.gnu-tools-for-stm32.13.3.rel1.linux64_1.0.100.202509120712/tools/bin/../lib/gcc/arm-none-eabi/13.3.1/../../../../arm-none-eabi/lib/thumb/v7e-m+fp/hard/libc_nano.a(libc_a-nano-vfprintf_float.o)
                0x0800a3c0                __exponent
 .text._printf_float
                0x0800a434      0x454 /opt/st/stm32cubeide_2.0.0/plugins/com.st.stm32cube.ide.mcu.externaltools.gnu-tools-for-stm32.13.3.rel1.linux64_1.0.100.202509120712/tools/bin/../lib/gcc/arm-none-eabi/13.3.1/../../../../arm-none-eabi/lib/thumb/v7e-m+fp/hard/libc_nano.a(libc_a-nano-vfprintf_float.o)
                0x0800a434                _printf_float
 .text._printf_common
                0x0800a888       0xda /opt/st/stm32cubeide_2.0.0/plugins/com.st.stm32cube.ide.mcu.externaltools.gnu-tools-for-stm32.13.3.rel1.linux64_1.0.100.202509120712/tools/bin/../lib/gcc/arm-none-eabi/13.3.1/../../../../arm-none-eabi/lib/thumb/v7e-m+fp/hard/libc_nano.a(libc_a-nano-vfprintf_i.o)
                0x0800a888                _printf_common
 *fill*         0x0800a962        0x2 
 .text._printf_i
                0x0800a964      0x23c /opt/st/stm32cubeide_2.0.0/plugins/com.st.stm32cube.ide.mcu.externaltools.gnu-tools-for-stm32.13.3.rel1.linux64_1.0.100.202509120712/tools/bin/../lib/gcc/arm-none-eabi/13.3.1/../../../../arm-none-eabi/lib/thumb/v7e-m+fp/hard/libc_nano.a(libc_a-nano-vfprintf_i.o)
                0x0800a964                _printf_i
 .text.std      0x0800aba0       0x6c /opt/st/stm32cubeide_2.0.0/plugins/com.st.stm32cube.ide.mcu.externaltools.gnu-tools-for-stm32.13.3.rel1.linux64_1.0.100.202509120712/tools/bin/../lib/gcc/arm-none-eabi/13.3.1/../../../../arm-none-eabi/lib/thumb/v7e-m+fp/hard/libc_nano.a(libc_a-findfp.o)
 .text.stdio_exit_handler
                0x0800ac0c       0x18 /opt/st/stm32cubeide_2.0.0/plugins/com.st.stm32cube.ide.mcu.externaltools.gnu-tools-for-stm32.13.3.rel1.linux64_1.0.100.202509120712/tools/bin/../lib/gcc/arm-none-eabi/13.3.1/../../../../arm-none-eabi/lib/thumb/v7e-m+fp/hard/libc_nano.a(libc_a-findfp.o)
 .text.cleanup_stdio
                0x0800ac24       0x40 /opt/st/stm32cubeide_2.0.0/plugins/com.st.stm32cube.ide.mcu.externaltools.gnu-tools-for-stm32.13.3.rel1.linux64_1.0.100.202509120712/tools/bin/../lib/gcc/arm-none-eabi/13.3.1/../../../../arm-none-eabi/lib/thumb/v7e-m+fp/hard/libc_nano.a(libc_a-findfp.o)
 .text.global_stdio_init.part.0
                0x0800ac64       0x3c /opt/st/stm32cubeide_2.0.0/plugins/com.st.stm32cube.ide.mcu.externaltools.gnu-tools-for-stm32.13.3.rel1.linux64_1.0.100.202509120712/tools/bin/../lib/gcc/arm-none-eabi/13.3.1/../../../../arm-none-eabi/lib/thumb/v7e-m+fp/hard/libc_nano.a(libc_a-findfp.o)
 .text.__sfp_lock_acquire
                0x0800aca0        0xc /opt/st/stm32cubeide_2.0.0/plugins/com.st.stm32cube.ide.mcu.externaltools.gnu-tools-for-stm32.13.3.rel1.linux64_1.0.100.202509120712/tools/bin/../lib/gcc/arm-none-eabi/13.3.1/../../../../arm-none-eabi/lib/thumb/v7e-m+fp/hard/libc_nano.a(libc_a-findfp.o)
                0x0800aca0                __sfp_lock_acquire
 .text.__sfp_lock_release
                0x0800acac        0xc /opt/st/stm32cubeide_2.0.0/plugins/com.st.stm32cube.ide.mcu.externaltools.gnu-tools-for-stm32.13.3.rel1.linux64_1.0.100.202509120712/tools/bin/../lib/gcc/arm-none-eabi/13.3.1/../../../../arm-none-eabi/lib/thumb/v7e-m+fp/hard/libc_nano.a(libc_a-findfp.o)
                0x0800acac                __sfp_lock_release
 .text.__sinit  0x0800acb8       0x30 /opt/st/stm32cubeide_2.0.0/plugins/com.st.stm32cube.ide.mcu.externaltools.gnu-tools-for-stm32.13.3.rel1.linux64_1.0.100.202509120712/tools/bin/../lib/gcc/arm-none-eabi/13.3.1/../../../../arm-none-eabi/lib/thumb/v7e-m+fp/hard/libc_nano.a(libc_a-findfp.o)
                0x0800acb8                __sinit
 .text._fwalk_sglue
                0x0800ace8       0x3c /opt/st/stm32cubeide_2.0.0/plugins/com.st.stm32cube.ide.mcu.externaltools.gnu-tools-for-stm32.13.3.rel1.linux64_1.0.100.202509120712/tools/bin/../lib/gcc/arm-none-eabi/13.3.1/../../../../arm-none-eabi/lib/thumb/v7e-m+fp/hard/libc_nano.a(libc_a-fwalk.o)
                0x0800ace8                _fwalk_sglue
 .text.printf   0x0800ad24       0x24 /opt/st/stm32cubeide_2.0.0/plugins/com.st.stm32cube.ide.mcu.externaltools.gnu-tools-for-stm32.13.3.rel1.linux64_1.0.100.202509120712/tools/bin/../lib/gcc/arm-none-eabi/13.3.1/../../../../arm-none-eabi/lib/thumb/v7e-m+fp/hard/libc_nano.a(libc_a-printf.o)
                0x0800ad24                printf
                0x0800ad24                iprintf