../Core/Src/main.c:74:5:_write	24	static
../Core/Src/main.c:80:5:_read	24	static
../Core/Src/main.c:91:5:main	8	static
../Core/Src/main.c:176:6:SystemClock_Config	88	static
../Core/Src/main.c:223:13:MX_SPI3_Init	8	static
../Core/Src/main.c:261:13:MX_USART2_UART_Init	8	static
../Core/Src/main.c:294:13:MX_GPIO_Init	56	static
../Core/Src/main.c:373:6:StartDefaultTask	16	static
../Core/Src/main.c:392:6:HAL_TIM_PeriodElapsedCallback	16	static
../Core/Src/main.c:410:6:Error_Handler	4	static,ignoring_inline_asm
